#
# There is insufficient memory for the Java Runtime Environment to continue.
# Native memory allocation (mmap) failed to map 65011712 bytes. Error detail: G1 virtual space
# Possible reasons:
#   The system is out of physical RAM or swap space
#   This process is running with CompressedOops enabled, and the Java Heap may be blocking the growth of the native heap
# Possible solutions:
#   Reduce memory load on the system
#   Increase physical memory or swap space
#   Check if swap backing store is full
#   Decrease Java heap size (-Xmx/-Xms)
#   Decrease number of Java threads
#   Decrease Java thread stack sizes (-Xss)
#   Set larger code cache with -XX:ReservedCodeCacheSize=
#   JVM is running with Unscaled Compressed Oops mode in which the Java heap is
#     placed in the first 4GB address space. The Java Heap base address is the
#     maximum limit for the native heap growth. Please use -XX:HeapBaseMinAddress
#     to set the Java Heap base and to place the Java Heap above 4GB virtual address.
# This output file may be truncated or incomplete.
#
#  Out of Memory Error (os_windows.cpp:3898), pid=12632, tid=732
#
# JRE version:  (21.0.7) (build )
# Java VM: OpenJDK 64-Bit Server VM (21.0.7+-13880790-b1038.58, mixed mode, sharing, tiered, compressed oops, compressed class ptrs, g1 gc, windows-amd64)
# No core dump will be written. Minidumps are not enabled by default on client versions of Windows
#

---------------  S U M M A R Y ------------

Command Line: org.jetbrains.kotlin.cli.jvm.K2JVMCompiler @C:\Users\migue\AndroidStudioProjects\Hooks3\app\build\20251015_8195191117219711850.compiler.options

Host: Intel(R) Core(TM) i5-8265U CPU @ 1.60GHz, 8 cores, 3G,  Windows 11 , 64 bit Build 26100 (10.0.26100.6725)
Time: Wed Oct 15 15:24:37 2025 Hora est. Pacífico, Sudamérica elapsed time: 1.745658 seconds (0d 0h 0m 1s)

---------------  T H R E A D  ---------------

Current thread (0x000001b3bbcb26a0):  JavaThread "Unknown thread" [_thread_in_vm, id=732, stack(0x0000005988300000,0x0000005988400000) (1024K)]

Stack: [0x0000005988300000,0x0000005988400000]
Native frames: (J=compiled Java code, j=interpreted, Vv=VM code, C=native code)
V  [jvm.dll+0x6d25c9]
V  [jvm.dll+0x860923]
V  [jvm.dll+0x862e7e]
V  [jvm.dll+0x863563]
V  [jvm.dll+0x27f156]
V  [jvm.dll+0x6ceee5]
V  [jvm.dll+0x6c29aa]
V  [jvm.dll+0x355ebb]
V  [jvm.dll+0x35db16]
V  [jvm.dll+0x3afb16]
V  [jvm.dll+0x3afde8]
V  [jvm.dll+0x32855c]
V  [jvm.dll+0x32924b]
V  [jvm.dll+0x828379]
V  [jvm.dll+0x3bcce8]
V  [jvm.dll+0x811628]
V  [jvm.dll+0x45121e]
V  [jvm.dll+0x452981]
C  [jli.dll+0x52ab]
C  [ucrtbase.dll+0x37b0]
C  [KERNEL32.DLL+0x2e8d7]
C  [ntdll.dll+0x8c53c]


---------------  P R O C E S S  ---------------

Threads class SMR info:
_java_thread_list=0x00007ffb52464888, length=0, elements={
}

Java Threads: ( => current thread )
Total: 0

Other Threads:
  0x000001b3be1000a0 WorkerThread "GC Thread#0"                     [id=15956, stack(0x0000005988400000,0x0000005988500000) (1024K)]
  0x000001b3be10a0a0 ConcurrentGCThread "G1 Main Marker"            [id=16808, stack(0x0000005988500000,0x0000005988600000) (1024K)]
  0x000001b3be10aba0 WorkerThread "G1 Conc#0"                       [id=2964, stack(0x0000005988600000,0x0000005988700000) (1024K)]

[error occurred during error reporting (printing all threads), id 0xc0000005, EXCEPTION_ACCESS_VIOLATION (0xc0000005) at pc=0x00007ffb51c5b5b7]
VM state: not at safepoint (not fully initialized)

VM Mutex/Monitor currently owned by a thread:  ([mutex/lock_event])
[0x00007ffb524d1568] Heap_lock - owner thread: 0x000001b3bbcb26a0

Heap address: 0x00000000c2e00000, size: 978 MB, Compressed Oops mode: 32-bit

CDS archive(s) mapped at: [0x0000000000000000-0x0000000000000000-0x0000000000000000), size 0, SharedBaseAddress: 0x0000000800000000, ArchiveRelocationMode: 1.
Narrow klass base: 0x0000000000000000, Narrow klass shift: 0, Narrow klass range: 0x0

GC Precious Log:
 CardTable entry size: 512
 Card Set container configuration: InlinePtr #cards 5 size 8 Array Of Cards #cards 12 size 40 Howl #buckets 4 coarsen threshold 1843 Howl Bitmap #cards 512 size 80 coarsen threshold 460 Card regions per heap region 1 cards per card region 2048

Heap:
 garbage-first heap   total 0K, used 0K [0x00000000c2e00000, 0x0000000100000000)
  region size 1024K, 0 young (0K), 0 survivors (0K)
 Metaspace       used 0K, committed 0K, reserved 0K
  class space    used 0K, committed 0K, reserved 0K

Heap Regions: E=young(eden), S=young(survivor), O=old, HS=humongous(starts), HC=humongous(continues), CS=collection set, F=free, TAMS=top-at-mark-start, PB=parsable bottom

Card table byte_map: [0x000001b3d0740000,0x000001b3d0930000] _byte_map_base: 0x000001b3d0129000

Marking Bits: (CMBitMap*) 0x000001b3be1007a0
 Bits: [0x000001b3d0930000, 0x000001b3d1878000)

GC Heap History (0 events):
No events

Dll operation events (1 events):
Event: 0.206 Loaded shared library C:\Program Files\Android\Android Studio\jbr\bin\java.dll

Deoptimization events (0 events):
No events

Classes loaded (0 events):
No events

Classes unloaded (0 events):
No events

Classes redefined (0 events):
No events

Internal exceptions (0 events):
No events

ZGC Phase Switch (0 events):
No events

VM Operations (0 events):
No events

Memory protections (0 events):
No events

Nmethod flushes (0 events):
No events

Events (0 events):
No events


Dynamic libraries:
0x00007ff678090000 - 0x00007ff67809a000 	C:\Program Files\Android\Android Studio\jbr\bin\java.exe
0x00007ffbbc7e0000 - 0x00007ffbbca48000 	C:\WINDOWS\SYSTEM32\ntdll.dll
0x00007ffbbb660000 - 0x00007ffbbb729000 	C:\WINDOWS\System32\KERNEL32.DLL
0x00007ffbb9970000 - 0x00007ffbb9d62000 	C:\WINDOWS\System32\KERNELBASE.dll
0x00007ffbb6400000 - 0x00007ffbb6418000 	C:\Program Files\Android\Android Studio\jbr\bin\jli.dll
0x00007ffbab650000 - 0x00007ffbab66b000 	C:\Program Files\Android\Android Studio\jbr\bin\VCRUNTIME140.dll
0x00007ffbb9fd0000 - 0x00007ffbba11b000 	C:\WINDOWS\System32\ucrtbase.dll
0x00007ffbbb200000 - 0x00007ffbbb3c5000 	C:\WINDOWS\System32\USER32.dll
0x00007ffbb9fa0000 - 0x00007ffbb9fc7000 	C:\WINDOWS\System32\win32u.dll
0x00007ffbbb730000 - 0x00007ffbbb75b000 	C:\WINDOWS\System32\GDI32.dll
0x00007ffbba120000 - 0x00007ffbba24d000 	C:\WINDOWS\System32\gdi32full.dll
0x00007ffbb9ef0000 - 0x00007ffbb9f93000 	C:\WINDOWS\System32\msvcp_win.dll
0x00007ffba4f70000 - 0x00007ffba5203000 	C:\WINDOWS\WinSxS\amd64_microsoft.windows.common-controls_6595b64144ccf1df_6.0.26100.6725_none_3e085828e334708b\COMCTL32.dll
0x00007ffbbb100000 - 0x00007ffbbb1a9000 	C:\WINDOWS\System32\msvcrt.dll
0x00007ffbbb840000 - 0x00007ffbbb86f000 	C:\WINDOWS\System32\IMM32.DLL
0x00007ffbac820000 - 0x00007ffbac82c000 	C:\Program Files\Android\Android Studio\jbr\bin\vcruntime140_1.dll
0x00007ffb91870000 - 0x00007ffb918fd000 	C:\Program Files\Android\Android Studio\jbr\bin\msvcp140.dll
0x00007ffb51920000 - 0x00007ffb525ae000 	C:\Program Files\Android\Android Studio\jbr\bin\server\jvm.dll
0x00007ffbbad00000 - 0x00007ffbbadb4000 	C:\WINDOWS\System32\ADVAPI32.dll
0x00007ffbbb5b0000 - 0x00007ffbbb656000 	C:\WINDOWS\System32\sechost.dll
0x00007ffbbafe0000 - 0x00007ffbbb0f8000 	C:\WINDOWS\System32\RPCRT4.dll
0x00007ffbbb880000 - 0x00007ffbbb8f4000 	C:\WINDOWS\System32\WS2_32.dll
0x00007ffbb97d0000 - 0x00007ffbb982e000 	C:\WINDOWS\SYSTEM32\POWRPROF.dll
0x00007ffbb0a60000 - 0x00007ffbb0a95000 	C:\WINDOWS\SYSTEM32\WINMM.dll
0x00007ffbab0d0000 - 0x00007ffbab0db000 	C:\WINDOWS\SYSTEM32\VERSION.dll
0x00007ffbb97b0000 - 0x00007ffbb97c4000 	C:\WINDOWS\SYSTEM32\UMPDC.dll
0x00007ffbb8740000 - 0x00007ffbb875b000 	C:\WINDOWS\SYSTEM32\kernel.appcore.dll
0x00007ffbab640000 - 0x00007ffbab64a000 	C:\Program Files\Android\Android Studio\jbr\bin\jimage.dll
0x00007ffbb66d0000 - 0x00007ffbb6912000 	C:\WINDOWS\SYSTEM32\DBGHELP.DLL
0x00007ffbbc410000 - 0x00007ffbbc78b000 	C:\WINDOWS\System32\combase.dll
0x00007ffbbc180000 - 0x00007ffbbc257000 	C:\WINDOWS\System32\OLEAUT32.dll
0x00007ffb902d0000 - 0x00007ffb9030c000 	C:\WINDOWS\SYSTEM32\dbgcore.DLL
0x00007ffbba250000 - 0x00007ffbba2e8000 	C:\WINDOWS\System32\bcryptPrimitives.dll
0x00007ffba7910000 - 0x00007ffba7930000 	C:\Program Files\Android\Android Studio\jbr\bin\java.dll

dbghelp: loaded successfully - version: 4.0.5 - missing functions: none
symbol engine: initialized successfully - sym options: 0x614 - pdb path: .;C:\Program Files\Android\Android Studio\jbr\bin;C:\WINDOWS\SYSTEM32;C:\WINDOWS\WinSxS\amd64_microsoft.windows.common-controls_6595b64144ccf1df_6.0.26100.6725_none_3e085828e334708b;C:\Program Files\Android\Android Studio\jbr\bin\server

VM Arguments:
java_command: org.jetbrains.kotlin.cli.jvm.K2JVMCompiler @C:\Users\migue\AndroidStudioProjects\Hooks3\app\build\20251015_8195191117219711850.compiler.options
java_class_path (initial): C:\Users\migue\.gradle\caches\modules-2\files-2.1\org.jetbrains.kotlin\kotlin-compiler-embeddable\2.0.21\79346ed53db48b18312a472602eb5c057070c54d\kotlin-compiler-embeddable-2.0.21.jar;C:\Users\migue\.gradle\caches\modules-2\files-2.1\org.jetbrains.kotlin\kotlin-stdlib\2.0.21\618b539767b4899b4660a83006e052b63f1db551\kotlin-stdlib-2.0.21.jar;C:\Users\migue\.gradle\caches\modules-2\files-2.1\org.jetbrains.kotlin\kotlin-script-runtime\2.0.21\c9b044380ad41f89aa89aa896c2d32a8c0b2129d\kotlin-script-runtime-2.0.21.jar;C:\Users\migue\.gradle\caches\modules-2\files-2.1\org.jetbrains.kotlin\kotlin-reflect\1.6.10\1cbe9c92c12a94eea200d23c2bbaedaf3daf5132\kotlin-reflect-1.6.10.jar;C:\Users\migue\.gradle\caches\modules-2\files-2.1\org.jetbrains.kotlin\kotlin-daemon-embeddable\2.0.21\c9e933b23287de9b5a17e2116b4657bb91aea72c\kotlin-daemon-embeddable-2.0.21.jar;C:\Users\migue\.gradle\caches\modules-2\files-2.1\org.jetbrains.intellij.deps\trove4j\1.0.20200330\3afb14d5f9ceb459d724e907a21145e8ff394f02\trove4j-1.0.20200330.jar;C:\Users\migue\.gradle\caches\modules-2\files-2.1\org.jetbrains.kotlinx\kotlinx-coroutines-core-jvm\1.6.4\2c997cd1c0ef33f3e751d3831929aeff1390cb30\kotlinx-coroutines-core-jvm-1.6.4.jar;C:\Users\migue\.gradle\caches\modules-2\files-2.1\org.jetbrains\annotations\13.0\919f0dfe192fb4e063e7dacadee7f8bb9a2672a9\annotations-13.0.jar
Launcher Type: SUN_STANDARD

[Global flags]
     intx CICompilerCount                          = 4                                         {product} {ergonomic}
     uint ConcGCThreads                            = 2                                         {product} {ergonomic}
     uint G1ConcRefinementThreads                  = 8                                         {product} {ergonomic}
   size_t G1HeapRegionSize                         = 1048576                                   {product} {ergonomic}
    uintx GCDrainStackTargetSize                   = 64                                        {product} {ergonomic}
   size_t InitialHeapSize                          = 65011712                                  {product} {ergonomic}
   size_t MarkStackSize                            = 4194304                                   {product} {ergonomic}
   size_t MaxHeapSize                              = 1025507328                                {product} {ergonomic}
   size_t MinHeapDeltaBytes                        = 1048576                                   {product} {ergonomic}
   size_t MinHeapSize                              = 8388608                                   {product} {ergonomic}
    uintx NonNMethodCodeHeapSize                   = 5839372                                {pd product} {ergonomic}
    uintx NonProfiledCodeHeapSize                  = 122909434                              {pd product} {ergonomic}
    uintx ProfiledCodeHeapSize                     = 122909434                              {pd product} {ergonomic}
    uintx ReservedCodeCacheSize                    = 251658240                              {pd product} {ergonomic}
     bool SegmentedCodeCache                       = true                                      {product} {ergonomic}
   size_t SoftMaxHeapSize                          = 1025507328                             {manageable} {ergonomic}
     bool UseCompressedOops                        = true                           {product lp64_product} {ergonomic}
     bool UseG1GC                                  = true                                      {product} {ergonomic}
     bool UseLargePagesIndividualAllocation        = false                                  {pd product} {ergonomic}

Logging:
Log output configuration:
 #0: stdout all=warning uptime,level,tags foldmultilines=false
 #1: stderr all=off uptime,level,tags foldmultilines=false

Environment Variables:
PATH=C:\Program Files\Common Files\Oracle\Java\javapath;C:\Program Files\Python312\Scripts\;C:\Program Files\Python312\;C:\ProgramData\Oracle\Java\javapath;C:\WINDOWS\system32;C:\WINDOWS;C:\WINDOWS\System32\Wbem;C:\WINDOWS\System32\WindowsPowerShell\v1.0\;C:\WINDOWS\System32\OpenSSH\;C:\Program Files\Intel\WiFi\bin\;C:\Program Files\Common Files\Intel\WirelessCommon\;C:\Program Files\Microsoft SQL Server\130\Tools\Binn\;C:\Program Files\Git\cmd;C:\Program Files\nodejs\;C:\Program Files\Microsoft SQL Server\150\Tools\Binn\;C:\Program Files\dotnet\;C:\Users\migue\AppData\Local\Programs\Python\Python310\Scripts\;C:\Users\migue\AppData\Local\Programs\Python\Python310\;C:\Program Files (x86)\Microsoft Visual Studio\Common\Tools\WinNT;C:\Program Files (x86)\Microsoft Visual Studio\Common\MSDev98\Bin;C:\Program Files (x86)\Microsoft Visual Studio\Common\Tools;C:\Program Files (x86)\Microsoft Visual Studio\VC98\bin;C:\Users\migue\AppData\Local\Microsoft\WindowsApps;C:\Users\migue\AppData\Local\Programs\Microsoft VS Code\bin;C:\Users\migue\AppData\Local\Programs\Microsoft VS Code Insiders\bin;C:\Users\migue\AppData\Roaming\npm;C:\Users\migue\.dotnet\tools
USERNAME=migue
OS=Windows_NT
PROCESSOR_IDENTIFIER=Intel64 Family 6 Model 142 Stepping 12, GenuineIntel
TMP=C:\Users\migue\AppData\Local\Temp
TEMP=C:\Users\migue\AppData\Local\Temp




Periodic native trim disabled

JNI global refs:
JNI global refs: 0, weak refs: 0

JNI global refs memory usage: 0, weak refs: 0

Process memory usage:
Resident Set Size: 12120K (0% of 4004356K total physical memory with 47816K free physical memory)

OOME stack traces (most recent first):
Classloader memory used:

---------------  S Y S T E M  ---------------

OS:
 Windows 11 , 64 bit Build 26100 (10.0.26100.6725)
OS uptime: 4 days 16:44 hours
Hyper-V role detected

CPU: total 8 (initial active 8) (4 cores per cpu, 2 threads per core) family 6 model 142 stepping 12 microcode 0xde, cx8, cmov, fxsr, ht, mmx, 3dnowpref, sse, sse2, sse3, ssse3, sse4.1, sse4.2, popcnt, lzcnt, tsc, tscinvbit, avx, avx2, aes, erms, clmul, bmi1, bmi2, adx, fma, vzeroupper, clflush, clflushopt, hv, rdtscp, f16c
Processor Information for the first 8 processors :
  Max Mhz: 1800, Current Mhz: 1600, Mhz Limit: 1584

Memory: 4k page, system-wide physical 3910M (40M free)
TotalPageFile size 11910M (AvailPageFile size 62M)
current process WorkingSet (physical memory assigned to process): 11M, peak: 11M
current process commit charge ("private bytes"): 59M, peak: 121M

vm_info: OpenJDK 64-Bit Server VM (21.0.7+-13880790-b1038.58) for windows-amd64 JRE (21.0.7+-13880790-b1038.58), built on 2025-08-04T20:56:21Z by "builder" with MS VC++ 16.10 / 16.11 (VS2019)

END.
