#
# There is insufficient memory for the Java Runtime Environment to continue.
# Native memory allocation (mmap) failed to map 112197632 bytes for G1 virtual space
# Possible reasons:
#   The system is out of physical RAM or swap space
#   The process is running with CompressedOops enabled, and the Java Heap may be blocking the growth of the native heap
# Possible solutions:
#   Reduce memory load on the system
#   Increase physical memory or swap space
#   Check if swap backing store is full
#   Decrease Java heap size (-Xmx/-Xms)
#   Decrease number of Java threads
#   Decrease Java thread stack sizes (-Xss)
#   Set larger code cache with -XX:ReservedCodeCacheSize=
#   JVM is running with Unscaled Compressed Oops mode in which the Java heap is
#     placed in the first 4GB address space. The Java Heap base address is the
#     maximum limit for the native heap growth. Please use -XX:HeapBaseMinAddress
#     to set the Java Heap base and to place the Java Heap above 4GB virtual address.
# This output file may be truncated or incomplete.
#
#  Out of Memory Error (os_windows.cpp:3552), pid=16292, tid=5064
#
# JRE version: Java(TM) SE Runtime Environment (17.0.9+11) (build 17.0.9+11-LTS-201)
# Java VM: Java HotSpot(TM) 64-Bit Server VM (17.0.9+11-LTS-201, mixed mode, sharing, tiered, compressed oops, compressed class ptrs, g1 gc, windows-amd64)
# No core dump will be written. Minidumps are not enabled by default on client versions of Windows
#

---------------  S U M M A R Y ------------

Command Line: --add-opens=java.base/java.lang=ALL-UNNAMED --add-opens=java.base/java.lang.invoke=ALL-UNNAMED --add-opens=java.base/java.util=ALL-UNNAMED --add-opens=java.prefs/java.util.prefs=ALL-UNNAMED --add-exports=jdk.compiler/com.sun.tools.javac.api=ALL-UNNAMED --add-exports=jdk.compiler/com.sun.tools.javac.util=ALL-UNNAMED --add-opens=java.base/java.util=ALL-UNNAMED --add-opens=java.prefs/java.util.prefs=ALL-UNNAMED --add-opens=java.base/java.nio.charset=ALL-UNNAMED --add-opens=java.base/java.net=ALL-UNNAMED --add-opens=java.base/java.util.concurrent.atomic=ALL-UNNAMED --add-opens=java.xml/javax.xml.namespace=ALL-UNNAMED -Xmx2048m -Dfile.encoding=UTF-8 -Duser.country=CO -Duser.language=es -Duser.variant -javaagent:C:\Users\migue\.gradle\wrapper\dists\gradle-8.13-bin\5xuhj0ry160q40clulazy9h7d\gradle-8.13\lib\agents\gradle-instrumentation-agent-8.13.jar org.gradle.launcher.daemon.bootstrap.GradleDaemon 8.13

Host: Intel(R) Core(TM) i5-8265U CPU @ 1.60GHz, 8 cores, 3G,  Windows 11 , 64 bit Build 26100 (10.0.26100.6725)
Time: Wed Oct  8 18:44:50 2025 Hora est. Pacífico, Sudamérica elapsed time: 124.811006 seconds (0d 0h 2m 4s)

---------------  T H R E A D  ---------------

Current thread (0x0000026bea241d90):  VMThread "VM Thread" [stack: 0x000000fe31600000,0x000000fe31700000] [id=5064]

Stack: [0x000000fe31600000,0x000000fe31700000]
Native frames: (J=compiled Java code, j=interpreted, Vv=VM code, C=native code)
V  [jvm.dll+0x678a4a]
V  [jvm.dll+0x7d9cfd]
V  [jvm.dll+0x7db60e]
V  [jvm.dll+0x7dbc73]
V  [jvm.dll+0x245e1f]
V  [jvm.dll+0x6758f9]
V  [jvm.dll+0x66a2a2]
V  [jvm.dll+0x303686]
V  [jvm.dll+0x30ac06]
V  [jvm.dll+0x35a48e]
V  [jvm.dll+0x35a6bf]
V  [jvm.dll+0x2da678]
V  [jvm.dll+0x2d8a85]
V  [jvm.dll+0x2d808c]
V  [jvm.dll+0x31b97b]
V  [jvm.dll+0x7e048b]
V  [jvm.dll+0x7e11c4]
V  [jvm.dll+0x7e16dd]
V  [jvm.dll+0x7e1ab4]
V  [jvm.dll+0x7e1b80]
V  [jvm.dll+0x78998a]
V  [jvm.dll+0x677875]
C  [ucrtbase.dll+0x37b0]
C  [KERNEL32.DLL+0x2e8d7]
C  [ntdll.dll+0x8c53c]

VM_Operation (0x000000fe363f87a0): G1CollectForAllocation, mode: safepoint, requested by thread 0x0000026bf1f9cb10


---------------  P R O C E S S  ---------------

Threads class SMR info:
_java_thread_list=0x0000026bfbcdfb60, length=91, elements={
0x0000026bcc185c40, 0x0000026bea2473f0, 0x0000026bea248ed0, 0x0000026bea256cd0,
0x0000026bea2595b0, 0x0000026bea259e80, 0x0000026bea25e770, 0x0000026bea25f420,
0x0000026bea26c300, 0x0000026bea26cc10, 0x0000026bea234050, 0x0000026bea6698f0,
0x0000026bf04a3990, 0x0000026befde1080, 0x0000026bf05fa9d0, 0x0000026bf066f040,
0x0000026bef4fd060, 0x0000026bf0764e10, 0x0000026bf0765320, 0x0000026bf07643f0,
0x0000026bf0765830, 0x0000026bf0764900, 0x0000026bf07639d0, 0x0000026bf07634c0,
0x0000026bf0762aa0, 0x0000026bf0763ee0, 0x0000026bf0762fb0, 0x0000026bf125d060,
0x0000026bf125f8e0, 0x0000026bf12649e0, 0x0000026bfb648f90, 0x0000026bfb64b810,
0x0000026bfb648570, 0x0000026bfb64b300, 0x0000026bfb648060, 0x0000026bfb648a80,
0x0000026bf1261230, 0x0000026bf135b150, 0x0000026bf135e3f0, 0x0000026bf135c590,
0x0000026bf135d9d0, 0x0000026bf135d4c0, 0x0000026bf135ac40, 0x0000026bf135cfb0,
0x0000026bf135dee0, 0x0000026bf135c080, 0x0000026bf135e900, 0x0000026bf135b660,
0x0000026bf135f320, 0x0000026bf135bb70, 0x0000026bf1360250, 0x0000026bf135f830,
0x0000026bf135fd40, 0x0000026bf135caa0, 0x0000026bf1361690, 0x0000026bfda76e20,
0x0000026bf125e9b0, 0x0000026bfda7aff0, 0x0000026bfb649ec0, 0x0000026bf1f9bbe0,
0x0000026bf1f9b6d0, 0x0000026bf1f9d020, 0x0000026bf1f9c0f0, 0x0000026bf1f9a7a0,
0x0000026bf1f99d80, 0x0000026bf1f9cb10, 0x0000026bf1f9a290, 0x0000026bf1f9df50,
0x0000026bf1f9d530, 0x0000026bf1f9da40, 0x0000026bf1f9e460, 0x0000026bf1f9acb0,
0x0000026bf1f9c600, 0x0000026bf1f9e970, 0x0000026bf1fa07d0, 0x0000026bf1fa0ce0,
0x0000026bf1f9ee80, 0x0000026bf1f9fdb0, 0x0000026bf1f9f390, 0x0000026bf1fa1700,
0x0000026bf1f9f8a0, 0x0000026bf1fa02c0, 0x0000026bf125f3d0, 0x0000026bf1fc6350,
0x0000026bf1fc5420, 0x0000026bf1fc5e40, 0x0000026bf1fc3ad0, 0x0000026bf1fc7280,
0x0000026bf1fc44f0, 0x0000026bf1fc6860, 0x0000026bf1fc5930
}

Java Threads: ( => current thread )
  0x0000026bcc185c40 JavaThread "main" [_thread_blocked, id=15160, stack(0x000000fe31000000,0x000000fe31100000)]
  0x0000026bea2473f0 JavaThread "Reference Handler" daemon [_thread_blocked, id=21092, stack(0x000000fe31700000,0x000000fe31800000)]
  0x0000026bea248ed0 JavaThread "Finalizer" daemon [_thread_blocked, id=13780, stack(0x000000fe31800000,0x000000fe31900000)]
  0x0000026bea256cd0 JavaThread "Signal Dispatcher" daemon [_thread_blocked, id=14456, stack(0x000000fe31900000,0x000000fe31a00000)]
  0x0000026bea2595b0 JavaThread "Attach Listener" daemon [_thread_blocked, id=22476, stack(0x000000fe31a00000,0x000000fe31b00000)]
  0x0000026bea259e80 JavaThread "Service Thread" daemon [_thread_blocked, id=17396, stack(0x000000fe31b00000,0x000000fe31c00000)]
  0x0000026bea25e770 JavaThread "Monitor Deflation Thread" daemon [_thread_blocked, id=5688, stack(0x000000fe31c00000,0x000000fe31d00000)]
  0x0000026bea25f420 JavaThread "C2 CompilerThread0" daemon [_thread_blocked, id=14232, stack(0x000000fe31d00000,0x000000fe31e00000)]
  0x0000026bea26c300 JavaThread "C1 CompilerThread0" daemon [_thread_blocked, id=12180, stack(0x000000fe31e00000,0x000000fe31f00000)]
  0x0000026bea26cc10 JavaThread "Sweeper thread" daemon [_thread_blocked, id=8416, stack(0x000000fe31f00000,0x000000fe32000000)]
  0x0000026bea234050 JavaThread "Common-Cleaner" daemon [_thread_blocked, id=5924, stack(0x000000fe32000000,0x000000fe32100000)]
  0x0000026bea6698f0 JavaThread "Notification Thread" daemon [_thread_blocked, id=14168, stack(0x000000fe32100000,0x000000fe32200000)]
  0x0000026bf04a3990 JavaThread "Daemon health stats" [_thread_blocked, id=15008, stack(0x000000fe32900000,0x000000fe32a00000)]
  0x0000026befde1080 JavaThread "Incoming local TCP Connector on port 55712" [_thread_in_native, id=7560, stack(0x000000fe32800000,0x000000fe32900000)]
  0x0000026bf05fa9d0 JavaThread "Daemon periodic checks" [_thread_blocked, id=11860, stack(0x000000fe32a00000,0x000000fe32b00000)]
  0x0000026bf066f040 JavaThread "Daemon" [_thread_blocked, id=15176, stack(0x000000fe32b00000,0x000000fe32c00000)]
  0x0000026bef4fd060 JavaThread "Handler for socket connection from /127.0.0.1:55712 to /127.0.0.1:55713" [_thread_in_native, id=19832, stack(0x000000fe32c00000,0x000000fe32d00000)]
  0x0000026bf0764e10 JavaThread "Cancel handler" [_thread_blocked, id=20600, stack(0x000000fe32d00000,0x000000fe32e00000)]
  0x0000026bf0765320 JavaThread "Daemon worker" [_thread_blocked, id=21168, stack(0x000000fe32e00000,0x000000fe32f00000)]
  0x0000026bf07643f0 JavaThread "Asynchronous log dispatcher for DefaultDaemonConnection: socket connection from /127.0.0.1:55712 to /127.0.0.1:55713" [_thread_blocked, id=21992, stack(0x000000fe32f00000,0x000000fe33000000)]
  0x0000026bf0765830 JavaThread "Stdin handler" [_thread_blocked, id=12592, stack(0x000000fe33000000,0x000000fe33100000)]
  0x0000026bf0764900 JavaThread "Daemon client event forwarder" [_thread_blocked, id=13212, stack(0x000000fe33100000,0x000000fe33200000)]
  0x0000026bf07639d0 JavaThread "Cache worker for journal cache (C:\Users\migue\.gradle\caches\journal-1)" [_thread_blocked, id=11548, stack(0x000000fe33400000,0x000000fe33500000)]
  0x0000026bf07634c0 JavaThread "File lock request listener" [_thread_in_native, id=22520, stack(0x000000fe33500000,0x000000fe33600000)]
  0x0000026bf0762aa0 JavaThread "Cache worker for file hash cache (C:\Users\migue\.gradle\caches\8.13\fileHashes)" [_thread_blocked, id=14008, stack(0x000000fe33600000,0x000000fe33700000)]
  0x0000026bf0763ee0 JavaThread "Cache worker for file hash cache (C:\Users\migue\AndroidStudioProjects\hooks\.gradle\8.13\fileHashes)" [_thread_blocked, id=19172, stack(0x000000fe33700000,0x000000fe33800000)]
  0x0000026bf0762fb0 JavaThread "Cache worker for Build Output Cleanup Cache (C:\Users\migue\AndroidStudioProjects\hooks\.gradle\buildOutputCleanup)" [_thread_blocked, id=1280, stack(0x000000fe33800000,0x000000fe33900000)]
  0x0000026bf125d060 JavaThread "File watcher server" daemon [_thread_blocked, id=4396, stack(0x000000fe33a00000,0x000000fe33b00000)]
  0x0000026bf125f8e0 JavaThread "File watcher consumer" daemon [_thread_blocked, id=22948, stack(0x000000fe33b00000,0x000000fe33c00000)]
  0x0000026bf12649e0 JavaThread "Cache worker for checksums cache (C:\Users\migue\AndroidStudioProjects\hooks\.gradle\8.13\checksums)" [_thread_blocked, id=5744, stack(0x000000fe34200000,0x000000fe34300000)]
  0x0000026bfb648f90 JavaThread "Cache worker for file content cache (C:\Users\migue\.gradle\caches\8.13\fileContent)" [_thread_blocked, id=3976, stack(0x000000fe34300000,0x000000fe34400000)]
  0x0000026bfb64b810 JavaThread "Cache worker for cache directory md-supplier (C:\Users\migue\.gradle\caches\8.13\md-supplier)" [_thread_blocked, id=11664, stack(0x000000fe34400000,0x000000fe34500000)]
  0x0000026bfb648570 JavaThread "Cache worker for cache directory md-rule (C:\Users\migue\.gradle\caches\8.13\md-rule)" [_thread_blocked, id=21592, stack(0x000000fe34500000,0x000000fe34600000)]
  0x0000026bfb64b300 JavaThread "Unconstrained build operations" [_thread_blocked, id=3544, stack(0x000000fe34600000,0x000000fe34700000)]
  0x0000026bfb648060 JavaThread "Unconstrained build operations Thread 2" [_thread_blocked, id=15652, stack(0x000000fe34700000,0x000000fe34800000)]
  0x0000026bfb648a80 JavaThread "Unconstrained build operations Thread 3" [_thread_blocked, id=12164, stack(0x000000fe34800000,0x000000fe34900000)]
  0x0000026bf1261230 JavaThread "Unconstrained build operations Thread 4" [_thread_blocked, id=21456, stack(0x000000fe34900000,0x000000fe34a00000)]
  0x0000026bf135b150 JavaThread "Unconstrained build operations Thread 5" [_thread_blocked, id=13660, stack(0x000000fe34a00000,0x000000fe34b00000)]
  0x0000026bf135e3f0 JavaThread "Unconstrained build operations Thread 6" [_thread_blocked, id=2640, stack(0x000000fe34b00000,0x000000fe34c00000)]
  0x0000026bf135c590 JavaThread "Unconstrained build operations Thread 7" [_thread_blocked, id=16380, stack(0x000000fe34c00000,0x000000fe34d00000)]
  0x0000026bf135d9d0 JavaThread "Unconstrained build operations Thread 8" [_thread_blocked, id=20972, stack(0x000000fe34d00000,0x000000fe34e00000)]
  0x0000026bf135d4c0 JavaThread "Unconstrained build operations Thread 9" [_thread_blocked, id=18028, stack(0x000000fe34e00000,0x000000fe34f00000)]
  0x0000026bf135ac40 JavaThread "Unconstrained build operations Thread 10" [_thread_blocked, id=18852, stack(0x000000fe34f00000,0x000000fe35000000)]
  0x0000026bf135cfb0 JavaThread "Unconstrained build operations Thread 11" [_thread_blocked, id=21416, stack(0x000000fe35000000,0x000000fe35100000)]
  0x0000026bf135dee0 JavaThread "Unconstrained build operations Thread 12" [_thread_blocked, id=9804, stack(0x000000fe35100000,0x000000fe35200000)]
  0x0000026bf135c080 JavaThread "Unconstrained build operations Thread 13" [_thread_blocked, id=9832, stack(0x000000fe35200000,0x000000fe35300000)]
  0x0000026bf135e900 JavaThread "Unconstrained build operations Thread 14" [_thread_blocked, id=19484, stack(0x000000fe35300000,0x000000fe35400000)]
  0x0000026bf135b660 JavaThread "Unconstrained build operations Thread 15" [_thread_blocked, id=10100, stack(0x000000fe35400000,0x000000fe35500000)]
  0x0000026bf135f320 JavaThread "Unconstrained build operations Thread 16" [_thread_blocked, id=23132, stack(0x000000fe35500000,0x000000fe35600000)]
  0x0000026bf135bb70 JavaThread "Unconstrained build operations Thread 17" [_thread_blocked, id=13800, stack(0x000000fe35600000,0x000000fe35700000)]
  0x0000026bf1360250 JavaThread "Unconstrained build operations Thread 18" [_thread_blocked, id=14948, stack(0x000000fe35700000,0x000000fe35800000)]
  0x0000026bf135f830 JavaThread "Unconstrained build operations Thread 19" [_thread_blocked, id=14972, stack(0x000000fe35800000,0x000000fe35900000)]
  0x0000026bf135fd40 JavaThread "Unconstrained build operations Thread 20" [_thread_blocked, id=12296, stack(0x000000fe35900000,0x000000fe35a00000)]
  0x0000026bf135caa0 JavaThread "Unconstrained build operations Thread 21" [_thread_blocked, id=1368, stack(0x000000fe35a00000,0x000000fe35b00000)]
  0x0000026bf1361690 JavaThread "Memory manager" [_thread_blocked, id=21448, stack(0x000000fe30d00000,0x000000fe30e00000)]
  0x0000026bfda76e20 JavaThread "build event listener" [_thread_blocked, id=11772, stack(0x000000fe30e00000,0x000000fe30f00000)]
  0x0000026bf125e9b0 JavaThread "pool-3-thread-1" [_thread_blocked, id=15952, stack(0x000000fe30f00000,0x000000fe31000000)]
  0x0000026bfda7aff0 JavaThread "build event listener" [_thread_blocked, id=9396, stack(0x000000fe35b00000,0x000000fe35c00000)]
  0x0000026bfb649ec0 JavaThread "included builds" [_thread_blocked, id=17472, stack(0x000000fe35c00000,0x000000fe35d00000)]
  0x0000026bf1f9bbe0 JavaThread "Execution worker" [_thread_blocked, id=16388, stack(0x000000fe35d00000,0x000000fe35e00000)]
  0x0000026bf1f9b6d0 JavaThread "Execution worker Thread 2" [_thread_blocked, id=18696, stack(0x000000fe35e00000,0x000000fe35f00000)]
  0x0000026bf1f9d020 JavaThread "Execution worker Thread 3" [_thread_blocked, id=16776, stack(0x000000fe35f00000,0x000000fe36000000)]
  0x0000026bf1f9c0f0 JavaThread "Execution worker Thread 4" [_thread_blocked, id=3620, stack(0x000000fe36000000,0x000000fe36100000)]
  0x0000026bf1f9a7a0 JavaThread "Execution worker Thread 5" [_thread_blocked, id=6728, stack(0x000000fe36100000,0x000000fe36200000)]
  0x0000026bf1f99d80 JavaThread "Execution worker Thread 6" [_thread_blocked, id=19860, stack(0x000000fe36200000,0x000000fe36300000)]
  0x0000026bf1f9cb10 JavaThread "Execution worker Thread 7" [_thread_blocked, id=7436, stack(0x000000fe36300000,0x000000fe36400000)]
  0x0000026bf1f9a290 JavaThread "Cache worker for execution history cache (C:\Users\migue\AndroidStudioProjects\hooks\.gradle\8.13\executionHistory)" [_thread_blocked, id=21892, stack(0x000000fe36400000,0x000000fe36500000)]
  0x0000026bf1f9df50 JavaThread "Unconstrained build operations Thread 22" [_thread_blocked, id=17932, stack(0x000000fe36500000,0x000000fe36600000)]
  0x0000026bf1f9d530 JavaThread "Unconstrained build operations Thread 23" [_thread_blocked, id=11948, stack(0x000000fe36600000,0x000000fe36700000)]
  0x0000026bf1f9da40 JavaThread "Unconstrained build operations Thread 24" [_thread_blocked, id=10868, stack(0x000000fe36700000,0x000000fe36800000)]
  0x0000026bf1f9e460 JavaThread "Unconstrained build operations Thread 25" [_thread_blocked, id=896, stack(0x000000fe36800000,0x000000fe36900000)]
  0x0000026bf1f9acb0 JavaThread "Unconstrained build operations Thread 26" [_thread_blocked, id=10632, stack(0x000000fe36900000,0x000000fe36a00000)]
  0x0000026bf1f9c600 JavaThread "Unconstrained build operations Thread 27" [_thread_blocked, id=15276, stack(0x000000fe36a00000,0x000000fe36b00000)]
  0x0000026bf1f9e970 JavaThread "Unconstrained build operations Thread 28" [_thread_blocked, id=15696, stack(0x000000fe36b00000,0x000000fe36c00000)]
  0x0000026bf1fa07d0 JavaThread "WorkerExecutor Queue" [_thread_blocked, id=23320, stack(0x000000fe36c00000,0x000000fe36d00000)]
  0x0000026bf1fa0ce0 JavaThread "Unconstrained build operations Thread 29" [_thread_blocked, id=3096, stack(0x000000fe36d00000,0x000000fe36e00000)]
  0x0000026bf1f9ee80 JavaThread "Unconstrained build operations Thread 30" [_thread_blocked, id=11796, stack(0x000000fe36e00000,0x000000fe36f00000)]
  0x0000026bf1f9fdb0 JavaThread "Unconstrained build operations Thread 31" [_thread_blocked, id=12008, stack(0x000000fe36f00000,0x000000fe37000000)]
  0x0000026bf1f9f390 JavaThread "Unconstrained build operations Thread 32" [_thread_blocked, id=6436, stack(0x000000fe37000000,0x000000fe37100000)]
  0x0000026bf1fa1700 JavaThread "Unconstrained build operations Thread 33" [_thread_blocked, id=20836, stack(0x000000fe37100000,0x000000fe37200000)]
  0x0000026bf1f9f8a0 JavaThread "Unconstrained build operations Thread 34" [_thread_blocked, id=12076, stack(0x000000fe37200000,0x000000fe37300000)]
  0x0000026bf1fa02c0 JavaThread "Unconstrained build operations Thread 35" [_thread_blocked, id=21824, stack(0x000000fe37300000,0x000000fe37400000)]
  0x0000026bf125f3d0 JavaThread "Unconstrained build operations Thread 36" [_thread_blocked, id=18588, stack(0x000000fe37400000,0x000000fe37500000)]
  0x0000026bf1fc6350 JavaThread "WorkerExecutor Queue Thread 2" [_thread_blocked, id=15552, stack(0x000000fe37500000,0x000000fe37600000)]
  0x0000026bf1fc5420 JavaThread "Unconstrained build operations Thread 37" [_thread_blocked, id=13848, stack(0x000000fe37600000,0x000000fe37700000)]
  0x0000026bf1fc5e40 JavaThread "Unconstrained build operations Thread 38" [_thread_blocked, id=12280, stack(0x000000fe37700000,0x000000fe37800000)]
  0x0000026bf1fc3ad0 JavaThread "Unconstrained build operations Thread 39" [_thread_blocked, id=13416, stack(0x000000fe37800000,0x000000fe37900000)]
  0x0000026bf1fc7280 JavaThread "Unconstrained build operations Thread 40" [_thread_blocked, id=16568, stack(0x000000fe37900000,0x000000fe37a00000)]
  0x0000026bf1fc44f0 JavaThread "Unconstrained build operations Thread 41" [_thread_blocked, id=10716, stack(0x000000fe37a00000,0x000000fe37b00000)]
  0x0000026bf1fc6860 JavaThread "Unconstrained build operations Thread 42" [_thread_blocked, id=17840, stack(0x000000fe37b00000,0x000000fe37c00000)]
  0x0000026bf1fc5930 JavaThread "Unconstrained build operations Thread 43" [_thread_blocked, id=13296, stack(0x000000fe37c00000,0x000000fe37d00000)]

Other Threads:
=>0x0000026bea241d90 VMThread "VM Thread" [stack: 0x000000fe31600000,0x000000fe31700000] [id=5064]
  0x0000026bcc24b770 WatcherThread [stack: 0x000000fe32200000,0x000000fe32300000] [id=9384]
  0x0000026bcc1e1d90 GCTaskThread "GC Thread#0" [stack: 0x000000fe31100000,0x000000fe31200000] [id=20188]
  0x0000026bef33e750 GCTaskThread "GC Thread#1" [stack: 0x000000fe32400000,0x000000fe32500000] [id=1936]
  0x0000026bea8b2e60 GCTaskThread "GC Thread#2" [stack: 0x000000fe32500000,0x000000fe32600000] [id=14132]
  0x0000026befa0c020 GCTaskThread "GC Thread#3" [stack: 0x000000fe32600000,0x000000fe32700000] [id=2800]
  0x0000026bef9c6080 GCTaskThread "GC Thread#4" [stack: 0x000000fe32700000,0x000000fe32800000] [id=10128]
  0x0000026bef333a80 GCTaskThread "GC Thread#5" [stack: 0x000000fe32300000,0x000000fe32400000] [id=2916]
  0x0000026bf07320a0 GCTaskThread "GC Thread#6" [stack: 0x000000fe33200000,0x000000fe33300000] [id=6264]
  0x0000026bf0605dc0 GCTaskThread "GC Thread#7" [stack: 0x000000fe33300000,0x000000fe33400000] [id=20744]
  0x0000026bcc1f38c0 ConcurrentGCThread "G1 Main Marker" [stack: 0x000000fe31200000,0x000000fe31300000] [id=15724]
  0x0000026bcc1f5090 ConcurrentGCThread "G1 Conc#0" [stack: 0x000000fe31300000,0x000000fe31400000] [id=13336]
  0x0000026bf1587350 ConcurrentGCThread "G1 Conc#1" [stack: 0x000000fe33900000,0x000000fe33a00000] [id=3192]
  0x0000026bea0ff620 ConcurrentGCThread "G1 Refine#0" [stack: 0x000000fe31400000,0x000000fe31500000] [id=14572]
  0x0000026befbcf4b0 ConcurrentGCThread "G1 Refine#1" [stack: 0x000000fe33c00000,0x000000fe33d00000] [id=2576]
  0x0000026befbce310 ConcurrentGCThread "G1 Refine#2" [stack: 0x000000fe33d00000,0x000000fe33e00000] [id=16500]
  0x0000026befbce020 ConcurrentGCThread "G1 Refine#3" [stack: 0x000000fe33e00000,0x000000fe33f00000] [id=13872]
  0x0000026befbce600 ConcurrentGCThread "G1 Refine#4" [stack: 0x000000fe33f00000,0x000000fe34000000] [id=8788]
  0x0000026bea0ffe00 ConcurrentGCThread "G1 Service" [stack: 0x000000fe31500000,0x000000fe31600000] [id=14432]

Threads with active compile tasks:
C2 CompilerThread0   125008 21479 % !   4       com.android.ide.common.resources.DataMerger::mergeData @ 247 (611 bytes)

VM state: at safepoint (normal execution)

VM Mutex/Monitor currently owned by a thread:  ([mutex/lock_event])
[0x0000026bcc17fd70] Threads_lock - owner thread: 0x0000026bea241d90
[0x0000026bcc180a60] Heap_lock - owner thread: 0x0000026bf1f9cb10

Heap address: 0x0000000080000000, size: 2048 MB, Compressed Oops mode: 32-bit

CDS archive(s) mapped at: [0x0000026b80000000-0x0000026b80bd0000-0x0000026b80bd0000), size 12386304, SharedBaseAddress: 0x0000026b80000000, ArchiveRelocationMode: 1.
Compressed class space mapped at: 0x0000026b81000000-0x0000026bc1000000, reserved size: 1073741824
Narrow klass base: 0x0000026b80000000, Narrow klass shift: 0, Narrow klass range: 0x100000000

GC Precious Log:
 CPUs: 8 total, 8 available
 Memory: 3910M
 Large Page Support: Disabled
 NUMA Support: Disabled
 Compressed Oops: Enabled (32-bit)
 Heap Region Size: 1M
 Heap Min Capacity: 8M
 Heap Initial Capacity: 62M
 Heap Max Capacity: 2G
 Pre-touch: Disabled
 Parallel Workers: 8
 Concurrent Workers: 2
 Concurrent Refinement Workers: 8
 Periodic GC: Disabled

Heap:
 garbage-first heap   total 274432K, used 223876K [0x0000000080000000, 0x0000000100000000)
  region size 1024K, 2 young (2048K), 2 survivors (2048K)
 Metaspace       used 165210K, committed 166208K, reserved 1245184K
  class space    used 21174K, committed 21696K, reserved 1048576K

Heap Regions: E=young(eden), S=young(survivor), O=old, HS=humongous(starts), HC=humongous(continues), CS=collection set, F=free, OA=open archive, CA=closed archive, TAMS=top-at-mark-start (previous, next)
|   0|0x0000000080000000, 0x0000000080100000, 0x0000000080100000|100%|HS|  |TAMS 0x0000000080100000, 0x0000000080100000| Complete 
|   1|0x0000000080100000, 0x0000000080200000, 0x0000000080200000|100%|HC|  |TAMS 0x0000000080200000, 0x0000000080200000| Complete 
|   2|0x0000000080200000, 0x0000000080300000, 0x0000000080300000|100%|HC|  |TAMS 0x0000000080300000, 0x0000000080300000| Complete 
|   3|0x0000000080300000, 0x0000000080400000, 0x0000000080400000|100%| O|  |TAMS 0x0000000080400000, 0x0000000080400000| Untracked 
|   4|0x0000000080400000, 0x0000000080500000, 0x0000000080500000|100%| O|  |TAMS 0x0000000080500000, 0x0000000080500000| Untracked 
|   5|0x0000000080500000, 0x0000000080600000, 0x0000000080600000|100%| O|  |TAMS 0x0000000080600000, 0x0000000080600000| Untracked 
|   6|0x0000000080600000, 0x0000000080700000, 0x0000000080700000|100%| O|  |TAMS 0x0000000080700000, 0x0000000080700000| Untracked 
|   7|0x0000000080700000, 0x0000000080800000, 0x0000000080800000|100%| O|  |TAMS 0x0000000080800000, 0x0000000080800000| Untracked 
|   8|0x0000000080800000, 0x0000000080900000, 0x0000000080900000|100%| O|  |TAMS 0x0000000080900000, 0x0000000080900000| Untracked 
|   9|0x0000000080900000, 0x0000000080a00000, 0x0000000080a00000|100%| O|  |TAMS 0x0000000080a00000, 0x0000000080a00000| Untracked 
|  10|0x0000000080a00000, 0x0000000080b00000, 0x0000000080b00000|100%| O|  |TAMS 0x0000000080b00000, 0x0000000080b00000| Untracked 
|  11|0x0000000080b00000, 0x0000000080c00000, 0x0000000080c00000|100%|HS|  |TAMS 0x0000000080c00000, 0x0000000080c00000| Complete 
|  12|0x0000000080c00000, 0x0000000080d00000, 0x0000000080d00000|100%| O|  |TAMS 0x0000000080d00000, 0x0000000080d00000| Untracked 
|  13|0x0000000080d00000, 0x0000000080e00000, 0x0000000080e00000|100%| O|  |TAMS 0x0000000080e00000, 0x0000000080e00000| Untracked 
|  14|0x0000000080e00000, 0x0000000080f00000, 0x0000000080f00000|100%| O|  |TAMS 0x0000000080f00000, 0x0000000080f00000| Untracked 
|  15|0x0000000080f00000, 0x0000000081000000, 0x0000000081000000|100%| O|  |TAMS 0x0000000081000000, 0x0000000081000000| Untracked 
|  16|0x0000000081000000, 0x0000000081100000, 0x0000000081100000|100%| O|  |TAMS 0x0000000081100000, 0x0000000081100000| Untracked 
|  17|0x0000000081100000, 0x0000000081200000, 0x0000000081200000|100%| O|  |TAMS 0x0000000081200000, 0x0000000081200000| Untracked 
|  18|0x0000000081200000, 0x0000000081300000, 0x0000000081300000|100%| O|  |TAMS 0x0000000081300000, 0x0000000081300000| Untracked 
|  19|0x0000000081300000, 0x0000000081400000, 0x0000000081400000|100%| O|  |TAMS 0x0000000081400000, 0x0000000081400000| Untracked 
|  20|0x0000000081400000, 0x0000000081500000, 0x0000000081500000|100%| O|  |TAMS 0x0000000081500000, 0x0000000081500000| Untracked 
|  21|0x0000000081500000, 0x0000000081600000, 0x0000000081600000|100%| O|  |TAMS 0x0000000081600000, 0x0000000081600000| Untracked 
|  22|0x0000000081600000, 0x0000000081700000, 0x0000000081700000|100%| O|  |TAMS 0x0000000081700000, 0x0000000081700000| Untracked 
|  23|0x0000000081700000, 0x0000000081800000, 0x0000000081800000|100%| O|  |TAMS 0x0000000081800000, 0x0000000081800000| Untracked 
|  24|0x0000000081800000, 0x0000000081900000, 0x0000000081900000|100%|HS|  |TAMS 0x0000000081800000, 0x0000000081900000| Complete 
|  25|0x0000000081900000, 0x0000000081a00000, 0x0000000081a00000|100%| O|  |TAMS 0x0000000081a00000, 0x0000000081a00000| Untracked 
|  26|0x0000000081a00000, 0x0000000081b00000, 0x0000000081b00000|100%| O|  |TAMS 0x0000000081b00000, 0x0000000081b00000| Untracked 
|  27|0x0000000081b00000, 0x0000000081c00000, 0x0000000081c00000|100%| O|  |TAMS 0x0000000081c00000, 0x0000000081c00000| Untracked 
|  28|0x0000000081c00000, 0x0000000081d00000, 0x0000000081d00000|100%| O|  |TAMS 0x0000000081d00000, 0x0000000081d00000| Untracked 
|  29|0x0000000081d00000, 0x0000000081e00000, 0x0000000081e00000|100%| O|  |TAMS 0x0000000081e00000, 0x0000000081e00000| Untracked 
|  30|0x0000000081e00000, 0x0000000081f00000, 0x0000000081f00000|100%| O|  |TAMS 0x0000000081f00000, 0x0000000081f00000| Untracked 
|  31|0x0000000081f00000, 0x0000000082000000, 0x0000000082000000|100%| O|  |TAMS 0x0000000082000000, 0x0000000082000000| Untracked 
|  32|0x0000000082000000, 0x0000000082100000, 0x0000000082100000|100%| O|  |TAMS 0x0000000082100000, 0x0000000082100000| Untracked 
|  33|0x0000000082100000, 0x0000000082200000, 0x0000000082200000|100%| O|  |TAMS 0x0000000082200000, 0x0000000082200000| Untracked 
|  34|0x0000000082200000, 0x0000000082300000, 0x0000000082300000|100%| O|  |TAMS 0x0000000082300000, 0x0000000082300000| Untracked 
|  35|0x0000000082300000, 0x0000000082400000, 0x0000000082400000|100%| O|  |TAMS 0x0000000082400000, 0x0000000082400000| Untracked 
|  36|0x0000000082400000, 0x0000000082500000, 0x0000000082500000|100%| O|  |TAMS 0x0000000082400000, 0x0000000082500000| Untracked 
|  37|0x0000000082500000, 0x0000000082600000, 0x0000000082600000|100%| O|  |TAMS 0x0000000082600000, 0x0000000082600000| Untracked 
|  38|0x0000000082600000, 0x0000000082700000, 0x0000000082700000|100%| O|  |TAMS 0x0000000082700000, 0x0000000082700000| Untracked 
|  39|0x0000000082700000, 0x0000000082800000, 0x0000000082800000|100%| O|  |TAMS 0x0000000082800000, 0x0000000082800000| Untracked 
|  40|0x0000000082800000, 0x0000000082900000, 0x0000000082900000|100%| O|  |TAMS 0x0000000082900000, 0x0000000082900000| Untracked 
|  41|0x0000000082900000, 0x0000000082a00000, 0x0000000082a00000|100%| O|  |TAMS 0x0000000082a00000, 0x0000000082a00000| Untracked 
|  42|0x0000000082a00000, 0x0000000082b00000, 0x0000000082b00000|100%| O|  |TAMS 0x0000000082b00000, 0x0000000082b00000| Untracked 
|  43|0x0000000082b00000, 0x0000000082c00000, 0x0000000082c00000|100%| O|  |TAMS 0x0000000082c00000, 0x0000000082c00000| Untracked 
|  44|0x0000000082c00000, 0x0000000082d00000, 0x0000000082d00000|100%| O|  |TAMS 0x0000000082d00000, 0x0000000082d00000| Untracked 
|  45|0x0000000082d00000, 0x0000000082e00000, 0x0000000082e00000|100%| O|  |TAMS 0x0000000082e00000, 0x0000000082e00000| Untracked 
|  46|0x0000000082e00000, 0x0000000082f00000, 0x0000000082f00000|100%| O|  |TAMS 0x0000000082f00000, 0x0000000082f00000| Untracked 
|  47|0x0000000082f00000, 0x0000000083000000, 0x0000000083000000|100%| O|  |TAMS 0x0000000083000000, 0x0000000083000000| Untracked 
|  48|0x0000000083000000, 0x0000000083100000, 0x0000000083100000|100%| O|  |TAMS 0x0000000083100000, 0x0000000083100000| Untracked 
|  49|0x0000000083100000, 0x0000000083200000, 0x0000000083200000|100%| O|  |TAMS 0x0000000083200000, 0x0000000083200000| Untracked 
|  50|0x0000000083200000, 0x0000000083300000, 0x0000000083300000|100%| O|  |TAMS 0x0000000083300000, 0x0000000083300000| Untracked 
|  51|0x0000000083300000, 0x0000000083400000, 0x0000000083400000|100%| O|  |TAMS 0x0000000083400000, 0x0000000083400000| Untracked 
|  52|0x0000000083400000, 0x0000000083500000, 0x0000000083500000|100%| O|  |TAMS 0x0000000083500000, 0x0000000083500000| Untracked 
|  53|0x0000000083500000, 0x0000000083600000, 0x0000000083600000|100%| O|  |TAMS 0x0000000083600000, 0x0000000083600000| Untracked 
|  54|0x0000000083600000, 0x0000000083700000, 0x0000000083700000|100%| O|  |TAMS 0x0000000083700000, 0x0000000083700000| Untracked 
|  55|0x0000000083700000, 0x0000000083800000, 0x0000000083800000|100%| O|  |TAMS 0x0000000083700000, 0x0000000083800000| Untracked 
|  56|0x0000000083800000, 0x0000000083900000, 0x0000000083900000|100%| O|  |TAMS 0x0000000083800000, 0x0000000083900000| Untracked 
|  57|0x0000000083900000, 0x0000000083a00000, 0x0000000083a00000|100%| O|  |TAMS 0x0000000083900000, 0x0000000083a00000| Untracked 
|  58|0x0000000083a00000, 0x0000000083b00000, 0x0000000083b00000|100%| O|  |TAMS 0x0000000083a00000, 0x0000000083b00000| Untracked 
|  59|0x0000000083b00000, 0x0000000083c00000, 0x0000000083c00000|100%| O|  |TAMS 0x0000000083b00000, 0x0000000083c00000| Untracked 
|  60|0x0000000083c00000, 0x0000000083d00000, 0x0000000083d00000|100%| O|  |TAMS 0x0000000083c00000, 0x0000000083d00000| Untracked 
|  61|0x0000000083d00000, 0x0000000083e00000, 0x0000000083e00000|100%| O|  |TAMS 0x0000000083e00000, 0x0000000083e00000| Untracked 
|  62|0x0000000083e00000, 0x0000000083f00000, 0x0000000083f00000|100%| O|  |TAMS 0x0000000083f00000, 0x0000000083f00000| Untracked 
|  63|0x0000000083f00000, 0x0000000084000000, 0x0000000084000000|100%| O|  |TAMS 0x0000000084000000, 0x0000000084000000| Untracked 
|  64|0x0000000084000000, 0x0000000084100000, 0x0000000084100000|100%|HS|  |TAMS 0x0000000084000000, 0x0000000084100000| Complete 
|  65|0x0000000084100000, 0x0000000084200000, 0x0000000084200000|100%| O|  |TAMS 0x0000000084200000, 0x0000000084200000| Untracked 
|  66|0x0000000084200000, 0x0000000084300000, 0x0000000084300000|100%|HS|  |TAMS 0x0000000084200000, 0x0000000084300000| Complete 
|  67|0x0000000084300000, 0x0000000084400000, 0x0000000084400000|100%|HC|  |TAMS 0x0000000084300000, 0x0000000084400000| Complete 
|  68|0x0000000084400000, 0x0000000084500000, 0x0000000084500000|100%|HS|  |TAMS 0x0000000084400000, 0x0000000084500000| Complete 
|  69|0x0000000084500000, 0x0000000084600000, 0x0000000084600000|100%| O|  |TAMS 0x0000000084600000, 0x0000000084600000| Untracked 
|  70|0x0000000084600000, 0x0000000084700000, 0x0000000084700000|100%| O|  |TAMS 0x0000000084700000, 0x0000000084700000| Untracked 
|  71|0x0000000084700000, 0x0000000084800000, 0x0000000084800000|100%| O|  |TAMS 0x0000000084800000, 0x0000000084800000| Untracked 
|  72|0x0000000084800000, 0x0000000084900000, 0x0000000084900000|100%| O|  |TAMS 0x0000000084900000, 0x0000000084900000| Untracked 
|  73|0x0000000084900000, 0x0000000084a00000, 0x0000000084a00000|100%| O|  |TAMS 0x0000000084900000, 0x0000000084a00000| Untracked 
|  74|0x0000000084a00000, 0x0000000084b00000, 0x0000000084b00000|100%| O|  |TAMS 0x0000000084b00000, 0x0000000084b00000| Untracked 
|  75|0x0000000084b00000, 0x0000000084c00000, 0x0000000084c00000|100%| O|  |TAMS 0x0000000084c00000, 0x0000000084c00000| Untracked 
|  76|0x0000000084c00000, 0x0000000084d00000, 0x0000000084d00000|100%| O|  |TAMS 0x0000000084d00000, 0x0000000084d00000| Untracked 
|  77|0x0000000084d00000, 0x0000000084e00000, 0x0000000084e00000|100%| O|  |TAMS 0x0000000084e00000, 0x0000000084e00000| Untracked 
|  78|0x0000000084e00000, 0x0000000084f00000, 0x0000000084f00000|100%|HS|  |TAMS 0x0000000084e00000, 0x0000000084f00000| Complete 
|  79|0x0000000084f00000, 0x0000000085000000, 0x0000000085000000|100%|HC|  |TAMS 0x0000000084f00000, 0x0000000085000000| Complete 
|  80|0x0000000085000000, 0x0000000085100000, 0x0000000085100000|100%|HC|  |TAMS 0x0000000085000000, 0x0000000085100000| Complete 
|  81|0x0000000085100000, 0x0000000085200000, 0x0000000085200000|100%| O|  |TAMS 0x0000000085200000, 0x0000000085200000| Untracked 
|  82|0x0000000085200000, 0x0000000085300000, 0x0000000085300000|100%| O|  |TAMS 0x0000000085300000, 0x0000000085300000| Untracked 
|  83|0x0000000085300000, 0x0000000085400000, 0x0000000085400000|100%| O|  |TAMS 0x0000000085400000, 0x0000000085400000| Untracked 
|  84|0x0000000085400000, 0x0000000085500000, 0x0000000085500000|100%|HS|  |TAMS 0x0000000085400000, 0x0000000085500000| Complete 
|  85|0x0000000085500000, 0x0000000085600000, 0x0000000085600000|100%| O|  |TAMS 0x0000000085500000, 0x0000000085600000| Untracked 
|  86|0x0000000085600000, 0x0000000085700000, 0x0000000085700000|100%| O|  |TAMS 0x0000000085600000, 0x0000000085700000| Untracked 
|  87|0x0000000085700000, 0x0000000085800000, 0x0000000085800000|100%| O|  |TAMS 0x0000000085700000, 0x0000000085800000| Untracked 
|  88|0x0000000085800000, 0x0000000085900000, 0x0000000085900000|100%| O|  |TAMS 0x0000000085800000, 0x0000000085900000| Untracked 
|  89|0x0000000085900000, 0x0000000085a00000, 0x0000000085a00000|100%| O|  |TAMS 0x0000000085900000, 0x0000000085a00000| Untracked 
|  90|0x0000000085a00000, 0x0000000085b00000, 0x0000000085b00000|100%| O|  |TAMS 0x0000000085a00000, 0x0000000085b00000| Untracked 
|  91|0x0000000085b00000, 0x0000000085c00000, 0x0000000085c00000|100%| O|  |TAMS 0x0000000085b00000, 0x0000000085c00000| Untracked 
|  92|0x0000000085c00000, 0x0000000085d00000, 0x0000000085d00000|100%| O|  |TAMS 0x0000000085c00000, 0x0000000085d00000| Untracked 
|  93|0x0000000085d00000, 0x0000000085e00000, 0x0000000085e00000|100%| O|  |TAMS 0x0000000085d00000, 0x0000000085e00000| Untracked 
|  94|0x0000000085e00000, 0x0000000085f00000, 0x0000000085f00000|100%| O|  |TAMS 0x0000000085e00000, 0x0000000085f00000| Untracked 
|  95|0x0000000085f00000, 0x0000000086000000, 0x0000000086000000|100%| O|  |TAMS 0x0000000085f00000, 0x0000000086000000| Untracked 
|  96|0x0000000086000000, 0x0000000086100000, 0x0000000086100000|100%| O|  |TAMS 0x0000000086000000, 0x0000000086100000| Untracked 
|  97|0x0000000086100000, 0x0000000086200000, 0x0000000086200000|100%| O|  |TAMS 0x0000000086100000, 0x0000000086200000| Untracked 
|  98|0x0000000086200000, 0x0000000086300000, 0x0000000086300000|100%| O|  |TAMS 0x0000000086200000, 0x0000000086300000| Untracked 
|  99|0x0000000086300000, 0x0000000086400000, 0x0000000086400000|100%|HS|  |TAMS 0x0000000086300000, 0x0000000086400000| Complete 
| 100|0x0000000086400000, 0x0000000086500000, 0x0000000086500000|100%|HS|  |TAMS 0x0000000086400000, 0x0000000086500000| Complete 
| 101|0x0000000086500000, 0x0000000086600000, 0x0000000086600000|100%|HC|  |TAMS 0x0000000086500000, 0x0000000086600000| Complete 
| 102|0x0000000086600000, 0x0000000086700000, 0x0000000086700000|100%|HS|  |TAMS 0x0000000086600000, 0x0000000086700000| Complete 
| 103|0x0000000086700000, 0x0000000086800000, 0x0000000086800000|100%| O|  |TAMS 0x0000000086700000, 0x0000000086800000| Untracked 
| 104|0x0000000086800000, 0x0000000086900000, 0x0000000086900000|100%| O|  |TAMS 0x0000000086800000, 0x0000000086900000| Untracked 
| 105|0x0000000086900000, 0x0000000086a00000, 0x0000000086a00000|100%| O|  |TAMS 0x0000000086900000, 0x0000000086a00000| Untracked 
| 106|0x0000000086a00000, 0x0000000086b00000, 0x0000000086b00000|100%| O|  |TAMS 0x0000000086a00000, 0x0000000086b00000| Untracked 
| 107|0x0000000086b00000, 0x0000000086c00000, 0x0000000086c00000|100%| O|  |TAMS 0x0000000086b00000, 0x0000000086c00000| Untracked 
| 108|0x0000000086c00000, 0x0000000086d00000, 0x0000000086d00000|100%| O|  |TAMS 0x0000000086c00000, 0x0000000086d00000| Untracked 
| 109|0x0000000086d00000, 0x0000000086e00000, 0x0000000086e00000|100%| O|  |TAMS 0x0000000086d00000, 0x0000000086e00000| Untracked 
| 110|0x0000000086e00000, 0x0000000086f00000, 0x0000000086f00000|100%| O|  |TAMS 0x0000000086e00000, 0x0000000086f00000| Untracked 
| 111|0x0000000086f00000, 0x0000000087000000, 0x0000000087000000|100%| O|  |TAMS 0x0000000086f00000, 0x0000000087000000| Untracked 
| 112|0x0000000087000000, 0x0000000087100000, 0x0000000087100000|100%| O|  |TAMS 0x0000000087000000, 0x0000000087100000| Untracked 
| 113|0x0000000087100000, 0x0000000087200000, 0x0000000087200000|100%| O|  |TAMS 0x0000000087100000, 0x0000000087200000| Untracked 
| 114|0x0000000087200000, 0x0000000087300000, 0x0000000087300000|100%| O|  |TAMS 0x0000000087200000, 0x0000000087300000| Untracked 
| 115|0x0000000087300000, 0x0000000087400000, 0x0000000087400000|100%| O|  |TAMS 0x0000000087300000, 0x0000000087400000| Untracked 
| 116|0x0000000087400000, 0x0000000087500000, 0x0000000087500000|100%| O|  |TAMS 0x0000000087400000, 0x0000000087500000| Untracked 
| 117|0x0000000087500000, 0x0000000087600000, 0x0000000087600000|100%| O|  |TAMS 0x0000000087500000, 0x0000000087600000| Untracked 
| 118|0x0000000087600000, 0x0000000087700000, 0x0000000087700000|100%| O|  |TAMS 0x0000000087600000, 0x0000000087700000| Untracked 
| 119|0x0000000087700000, 0x0000000087800000, 0x0000000087800000|100%| O|  |TAMS 0x0000000087700000, 0x0000000087800000| Untracked 
| 120|0x0000000087800000, 0x0000000087900000, 0x0000000087900000|100%| O|  |TAMS 0x0000000087800000, 0x0000000087900000| Untracked 
| 121|0x0000000087900000, 0x0000000087a00000, 0x0000000087a00000|100%| O|  |TAMS 0x0000000087900000, 0x0000000087a00000| Untracked 
| 122|0x0000000087a00000, 0x0000000087b00000, 0x0000000087b00000|100%| O|  |TAMS 0x0000000087a00000, 0x0000000087b00000| Untracked 
| 123|0x0000000087b00000, 0x0000000087c00000, 0x0000000087c00000|100%| O|  |TAMS 0x0000000087b00000, 0x0000000087c00000| Untracked 
| 124|0x0000000087c00000, 0x0000000087d00000, 0x0000000087d00000|100%| O|  |TAMS 0x0000000087c00000, 0x0000000087d00000| Untracked 
| 125|0x0000000087d00000, 0x0000000087e00000, 0x0000000087e00000|100%| O|  |TAMS 0x0000000087d00000, 0x0000000087e00000| Untracked 
| 126|0x0000000087e00000, 0x0000000087f00000, 0x0000000087f00000|100%| O|  |TAMS 0x0000000087e00000, 0x0000000087f00000| Untracked 
| 127|0x0000000087f00000, 0x0000000088000000, 0x0000000088000000|100%|HS|  |TAMS 0x0000000087f00000, 0x0000000088000000| Complete 
| 128|0x0000000088000000, 0x0000000088100000, 0x0000000088100000|100%|HC|  |TAMS 0x0000000088000000, 0x0000000088100000| Complete 
| 129|0x0000000088100000, 0x0000000088200000, 0x0000000088200000|100%|HC|  |TAMS 0x0000000088100000, 0x0000000088200000| Complete 
| 130|0x0000000088200000, 0x0000000088300000, 0x0000000088300000|100%| O|  |TAMS 0x0000000088200000, 0x0000000088300000| Untracked 
| 131|0x0000000088300000, 0x0000000088400000, 0x0000000088400000|100%|HS|  |TAMS 0x0000000088300000, 0x0000000088400000| Complete 
| 132|0x0000000088400000, 0x0000000088500000, 0x0000000088500000|100%| O|  |TAMS 0x0000000088400000, 0x0000000088500000| Untracked 
| 133|0x0000000088500000, 0x0000000088600000, 0x0000000088600000|100%| O|  |TAMS 0x0000000088500000, 0x0000000088600000| Untracked 
| 134|0x0000000088600000, 0x0000000088700000, 0x0000000088700000|100%| O|  |TAMS 0x0000000088600000, 0x0000000088700000| Untracked 
| 135|0x0000000088700000, 0x0000000088800000, 0x0000000088800000|100%| O|  |TAMS 0x0000000088700000, 0x0000000088800000| Untracked 
| 136|0x0000000088800000, 0x0000000088900000, 0x0000000088900000|100%| O|  |TAMS 0x0000000088800000, 0x0000000088900000| Untracked 
| 137|0x0000000088900000, 0x0000000088a00000, 0x0000000088a00000|100%| O|  |TAMS 0x0000000088900000, 0x0000000088a00000| Untracked 
| 138|0x0000000088a00000, 0x0000000088b00000, 0x0000000088b00000|100%| O|  |TAMS 0x0000000088a00000, 0x0000000088b00000| Untracked 
| 139|0x0000000088b00000, 0x0000000088c00000, 0x0000000088c00000|100%| O|  |TAMS 0x0000000088b00000, 0x0000000088c00000| Untracked 
| 140|0x0000000088c00000, 0x0000000088d00000, 0x0000000088d00000|100%| O|  |TAMS 0x0000000088c00000, 0x0000000088d00000| Untracked 
| 141|0x0000000088d00000, 0x0000000088e00000, 0x0000000088e00000|100%| O|  |TAMS 0x0000000088d00000, 0x0000000088e00000| Untracked 
| 142|0x0000000088e00000, 0x0000000088f00000, 0x0000000088f00000|100%| O|  |TAMS 0x0000000088e00000, 0x0000000088f00000| Untracked 
| 143|0x0000000088f00000, 0x0000000089000000, 0x0000000089000000|100%| O|  |TAMS 0x0000000088f00000, 0x0000000089000000| Untracked 
| 144|0x0000000089000000, 0x0000000089100000, 0x0000000089100000|100%| O|  |TAMS 0x0000000089000000, 0x0000000089100000| Untracked 
| 145|0x0000000089100000, 0x0000000089200000, 0x0000000089200000|100%| O|  |TAMS 0x0000000089100000, 0x0000000089200000| Untracked 
| 146|0x0000000089200000, 0x0000000089300000, 0x0000000089300000|100%| O|  |TAMS 0x0000000089200000, 0x0000000089300000| Untracked 
| 147|0x0000000089300000, 0x0000000089400000, 0x0000000089400000|100%| O|  |TAMS 0x0000000089300000, 0x0000000089400000| Untracked 
| 148|0x0000000089400000, 0x0000000089500000, 0x0000000089500000|100%| O|  |TAMS 0x0000000089400000, 0x0000000089500000| Untracked 
| 149|0x0000000089500000, 0x0000000089600000, 0x0000000089600000|100%| O|  |TAMS 0x0000000089500000, 0x0000000089600000| Untracked 
| 150|0x0000000089600000, 0x0000000089700000, 0x0000000089700000|100%| O|  |TAMS 0x0000000089600000, 0x0000000089700000| Untracked 
| 151|0x0000000089700000, 0x0000000089800000, 0x0000000089800000|100%| O|  |TAMS 0x0000000089700000, 0x0000000089800000| Untracked 
| 152|0x0000000089800000, 0x0000000089900000, 0x0000000089900000|100%| O|  |TAMS 0x0000000089800000, 0x0000000089900000| Untracked 
| 153|0x0000000089900000, 0x0000000089a00000, 0x0000000089a00000|100%| O|  |TAMS 0x0000000089900000, 0x0000000089a00000| Untracked 
| 154|0x0000000089a00000, 0x0000000089b00000, 0x0000000089b00000|100%| O|  |TAMS 0x0000000089a00000, 0x0000000089b00000| Untracked 
| 155|0x0000000089b00000, 0x0000000089c00000, 0x0000000089c00000|100%| O|  |TAMS 0x0000000089b00000, 0x0000000089c00000| Untracked 
| 156|0x0000000089c00000, 0x0000000089d00000, 0x0000000089d00000|100%| O|  |TAMS 0x0000000089c00000, 0x0000000089d00000| Untracked 
| 157|0x0000000089d00000, 0x0000000089e00000, 0x0000000089e00000|100%| O|  |TAMS 0x0000000089d00000, 0x0000000089e00000| Untracked 
| 158|0x0000000089e00000, 0x0000000089f00000, 0x0000000089f00000|100%| O|  |TAMS 0x0000000089e00000, 0x0000000089f00000| Untracked 
| 159|0x0000000089f00000, 0x000000008a000000, 0x000000008a000000|100%| O|  |TAMS 0x0000000089f00000, 0x000000008a000000| Untracked 
| 160|0x000000008a000000, 0x000000008a100000, 0x000000008a100000|100%| O|  |TAMS 0x000000008a000000, 0x000000008a100000| Untracked 
| 161|0x000000008a100000, 0x000000008a200000, 0x000000008a200000|100%| O|  |TAMS 0x000000008a100000, 0x000000008a200000| Untracked 
| 162|0x000000008a200000, 0x000000008a300000, 0x000000008a300000|100%| O|  |TAMS 0x000000008a200000, 0x000000008a300000| Untracked 
| 163|0x000000008a300000, 0x000000008a400000, 0x000000008a400000|100%| O|  |TAMS 0x000000008a300000, 0x000000008a400000| Untracked 
| 164|0x000000008a400000, 0x000000008a500000, 0x000000008a500000|100%| O|  |TAMS 0x000000008a400000, 0x000000008a500000| Untracked 
| 165|0x000000008a500000, 0x000000008a600000, 0x000000008a600000|100%| O|  |TAMS 0x000000008a500000, 0x000000008a600000| Untracked 
| 166|0x000000008a600000, 0x000000008a700000, 0x000000008a700000|100%| O|  |TAMS 0x000000008a600000, 0x000000008a700000| Untracked 
| 167|0x000000008a700000, 0x000000008a800000, 0x000000008a800000|100%| O|  |TAMS 0x000000008a700000, 0x000000008a800000| Untracked 
| 168|0x000000008a800000, 0x000000008a900000, 0x000000008a900000|100%| O|  |TAMS 0x000000008a800000, 0x000000008a900000| Untracked 
| 169|0x000000008a900000, 0x000000008aa00000, 0x000000008aa00000|100%| O|  |TAMS 0x000000008a900000, 0x000000008aa00000| Untracked 
| 170|0x000000008aa00000, 0x000000008ab00000, 0x000000008ab00000|100%| O|  |TAMS 0x000000008aa00000, 0x000000008ab00000| Untracked 
| 171|0x000000008ab00000, 0x000000008ac00000, 0x000000008ac00000|100%| O|  |TAMS 0x000000008ab00000, 0x000000008ac00000| Untracked 
| 172|0x000000008ac00000, 0x000000008ad00000, 0x000000008ad00000|100%| O|  |TAMS 0x000000008ac00000, 0x000000008ad00000| Untracked 
| 173|0x000000008ad00000, 0x000000008ae00000, 0x000000008ae00000|100%| O|  |TAMS 0x000000008ad00000, 0x000000008ae00000| Untracked 
| 174|0x000000008ae00000, 0x000000008af00000, 0x000000008af00000|100%| O|  |TAMS 0x000000008ae00000, 0x000000008af00000| Untracked 
| 175|0x000000008af00000, 0x000000008b000000, 0x000000008b000000|100%| O|  |TAMS 0x000000008af00000, 0x000000008b000000| Untracked 
| 176|0x000000008b000000, 0x000000008b100000, 0x000000008b100000|100%| O|  |TAMS 0x000000008b000000, 0x000000008b100000| Untracked 
| 177|0x000000008b100000, 0x000000008b200000, 0x000000008b200000|100%| O|  |TAMS 0x000000008b100000, 0x000000008b200000| Untracked 
| 178|0x000000008b200000, 0x000000008b300000, 0x000000008b300000|100%| O|  |TAMS 0x000000008b200000, 0x000000008b300000| Untracked 
| 179|0x000000008b300000, 0x000000008b400000, 0x000000008b400000|100%| O|  |TAMS 0x000000008b300000, 0x000000008b400000| Untracked 
| 180|0x000000008b400000, 0x000000008b500000, 0x000000008b500000|100%| O|  |TAMS 0x000000008b400000, 0x000000008b500000| Untracked 
| 181|0x000000008b500000, 0x000000008b600000, 0x000000008b600000|100%| O|  |TAMS 0x000000008b500000, 0x000000008b600000| Untracked 
| 182|0x000000008b600000, 0x000000008b700000, 0x000000008b700000|100%| O|  |TAMS 0x000000008b600000, 0x000000008b700000| Untracked 
| 183|0x000000008b700000, 0x000000008b800000, 0x000000008b800000|100%| O|  |TAMS 0x000000008b700000, 0x000000008b800000| Untracked 
| 184|0x000000008b800000, 0x000000008b900000, 0x000000008b900000|100%| O|  |TAMS 0x000000008b800000, 0x000000008b900000| Untracked 
| 185|0x000000008b900000, 0x000000008ba00000, 0x000000008ba00000|100%| O|  |TAMS 0x000000008b900000, 0x000000008ba00000| Untracked 
| 186|0x000000008ba00000, 0x000000008bb00000, 0x000000008bb00000|100%| O|  |TAMS 0x000000008ba00000, 0x000000008ba00000| Untracked 
| 187|0x000000008bb00000, 0x000000008bc00000, 0x000000008bc00000|100%| O|  |TAMS 0x000000008bb00000, 0x000000008bb00000| Untracked 
| 188|0x000000008bc00000, 0x000000008bd00000, 0x000000008bd00000|100%| O|  |TAMS 0x000000008bc00000, 0x000000008bc00000| Untracked 
| 189|0x000000008bd00000, 0x000000008be00000, 0x000000008be00000|100%| O|  |TAMS 0x000000008bd00000, 0x000000008bd00000| Untracked 
| 190|0x000000008be00000, 0x000000008bf00000, 0x000000008bf00000|100%| O|  |TAMS 0x000000008be00000, 0x000000008be00000| Untracked 
| 191|0x000000008bf00000, 0x000000008c000000, 0x000000008c000000|100%| O|  |TAMS 0x000000008bf00000, 0x000000008bf00000| Untracked 
| 192|0x000000008c000000, 0x000000008c000000, 0x000000008c100000|  0%| F|  |TAMS 0x000000008c000000, 0x000000008c000000| Untracked 
| 193|0x000000008c100000, 0x000000008c200000, 0x000000008c200000|100%|HS|  |TAMS 0x000000008c100000, 0x000000008c200000| Complete 
| 194|0x000000008c200000, 0x000000008c300000, 0x000000008c300000|100%|HC|  |TAMS 0x000000008c200000, 0x000000008c300000| Complete 
| 195|0x000000008c300000, 0x000000008c400000, 0x000000008c400000|100%| O|  |TAMS 0x000000008c300000, 0x000000008c400000| Untracked 
| 196|0x000000008c400000, 0x000000008c500000, 0x000000008c500000|100%| O|  |TAMS 0x000000008c400000, 0x000000008c500000| Untracked 
| 197|0x000000008c500000, 0x000000008c600000, 0x000000008c600000|100%| O|  |TAMS 0x000000008c500000, 0x000000008c600000| Untracked 
| 198|0x000000008c600000, 0x000000008c700000, 0x000000008c700000|100%| O|  |TAMS 0x000000008c600000, 0x000000008c700000| Untracked 
| 199|0x000000008c700000, 0x000000008c800000, 0x000000008c800000|100%| O|  |TAMS 0x000000008c700000, 0x000000008c800000| Untracked 
| 200|0x000000008c800000, 0x000000008c900000, 0x000000008c900000|100%| O|  |TAMS 0x000000008c800000, 0x000000008c900000| Untracked 
| 201|0x000000008c900000, 0x000000008ca00000, 0x000000008ca00000|100%| O|  |TAMS 0x000000008c900000, 0x000000008ca00000| Untracked 
| 202|0x000000008ca00000, 0x000000008cb00000, 0x000000008cb00000|100%| O|  |TAMS 0x000000008ca00000, 0x000000008cb00000| Untracked 
| 203|0x000000008cb00000, 0x000000008cc00000, 0x000000008cc00000|100%| O|  |TAMS 0x000000008cb00000, 0x000000008cc00000| Untracked 
| 204|0x000000008cc00000, 0x000000008cd00000, 0x000000008cd00000|100%| O|  |TAMS 0x000000008cc00000, 0x000000008cd00000| Untracked 
| 205|0x000000008cd00000, 0x000000008ce00000, 0x000000008ce00000|100%| O|  |TAMS 0x000000008cd00000, 0x000000008ce00000| Untracked 
| 206|0x000000008ce00000, 0x000000008cf00000, 0x000000008cf00000|100%| O|  |TAMS 0x000000008ce00000, 0x000000008cf00000| Untracked 
| 207|0x000000008cf00000, 0x000000008d000000, 0x000000008d000000|100%| O|  |TAMS 0x000000008cf00000, 0x000000008d000000| Untracked 
| 208|0x000000008d000000, 0x000000008d100000, 0x000000008d100000|100%| O|  |TAMS 0x000000008d000000, 0x000000008d100000| Untracked 
| 209|0x000000008d100000, 0x000000008d200000, 0x000000008d200000|100%| O|  |TAMS 0x000000008d100000, 0x000000008d200000| Untracked 
| 210|0x000000008d200000, 0x000000008d300000, 0x000000008d300000|100%| O|  |TAMS 0x000000008d200000, 0x000000008d300000| Untracked 
| 211|0x000000008d300000, 0x000000008d400000, 0x000000008d400000|100%| O|  |TAMS 0x000000008d300000, 0x000000008d400000| Untracked 
| 212|0x000000008d400000, 0x000000008d500000, 0x000000008d500000|100%| O|  |TAMS 0x000000008d400000, 0x000000008d500000| Untracked 
| 213|0x000000008d500000, 0x000000008d600000, 0x000000008d600000|100%| O|  |TAMS 0x000000008d500000, 0x000000008d600000| Untracked 
| 214|0x000000008d600000, 0x000000008d700000, 0x000000008d700000|100%| O|  |TAMS 0x000000008d600000, 0x000000008d700000| Untracked 
| 215|0x000000008d700000, 0x000000008d700000, 0x000000008d800000|  0%| F|  |TAMS 0x000000008d700000, 0x000000008d700000| Untracked 
| 216|0x000000008d800000, 0x000000008d800000, 0x000000008d900000|  0%| F|  |TAMS 0x000000008d800000, 0x000000008d800000| Untracked 
| 217|0x000000008d900000, 0x000000008d900000, 0x000000008da00000|  0%| F|  |TAMS 0x000000008d900000, 0x000000008d900000| Untracked 
| 218|0x000000008da00000, 0x000000008db00000, 0x000000008db00000|100%| O|  |TAMS 0x000000008da00000, 0x000000008da1ac00| Untracked 
| 219|0x000000008db00000, 0x000000008db00000, 0x000000008dc00000|  0%| F|  |TAMS 0x000000008db00000, 0x000000008db00000| Untracked 
| 220|0x000000008dc00000, 0x000000008dc00000, 0x000000008dd00000|  0%| F|  |TAMS 0x000000008dc00000, 0x000000008dc00000| Untracked 
| 221|0x000000008dd00000, 0x000000008dd00000, 0x000000008de00000|  0%| F|  |TAMS 0x000000008dd00000, 0x000000008dd00000| Untracked 
| 222|0x000000008de00000, 0x000000008de00000, 0x000000008df00000|  0%| F|  |TAMS 0x000000008de00000, 0x000000008de00000| Untracked 
| 223|0x000000008df00000, 0x000000008e000000, 0x000000008e000000|100%| O|  |TAMS 0x000000008df00000, 0x000000008df00000| Untracked 
| 224|0x000000008e000000, 0x000000008e0a1200, 0x000000008e100000| 62%| O|  |TAMS 0x000000008e000000, 0x000000008e000000| Untracked 
| 225|0x000000008e100000, 0x000000008e100000, 0x000000008e200000|  0%| F|  |TAMS 0x000000008e100000, 0x000000008e100000| Untracked 
| 226|0x000000008e200000, 0x000000008e200000, 0x000000008e300000|  0%| F|  |TAMS 0x000000008e200000, 0x000000008e200000| Untracked 
| 227|0x000000008e300000, 0x000000008e300000, 0x000000008e400000|  0%| F|  |TAMS 0x000000008e300000, 0x000000008e300000| Untracked 
| 228|0x000000008e400000, 0x000000008e400000, 0x000000008e500000|  0%| F|  |TAMS 0x000000008e400000, 0x000000008e400000| Untracked 
| 229|0x000000008e500000, 0x000000008e500000, 0x000000008e600000|  0%| F|  |TAMS 0x000000008e500000, 0x000000008e500000| Untracked 
| 230|0x000000008e600000, 0x000000008e600000, 0x000000008e700000|  0%| F|  |TAMS 0x000000008e600000, 0x000000008e600000| Untracked 
| 231|0x000000008e700000, 0x000000008e700000, 0x000000008e800000|  0%| F|  |TAMS 0x000000008e700000, 0x000000008e700000| Untracked 
| 232|0x000000008e800000, 0x000000008e800000, 0x000000008e900000|  0%| F|  |TAMS 0x000000008e800000, 0x000000008e800000| Untracked 
| 233|0x000000008e900000, 0x000000008e900000, 0x000000008ea00000|  0%| F|  |TAMS 0x000000008e900000, 0x000000008e900000| Untracked 
| 234|0x000000008ea00000, 0x000000008ea00000, 0x000000008eb00000|  0%| F|  |TAMS 0x000000008ea00000, 0x000000008ea00000| Untracked 
| 235|0x000000008eb00000, 0x000000008eb00000, 0x000000008ec00000|  0%| F|  |TAMS 0x000000008eb00000, 0x000000008eb00000| Untracked 
| 236|0x000000008ec00000, 0x000000008ec00000, 0x000000008ed00000|  0%| F|  |TAMS 0x000000008ec00000, 0x000000008ec00000| Untracked 
| 237|0x000000008ed00000, 0x000000008ed00000, 0x000000008ee00000|  0%| F|  |TAMS 0x000000008ed00000, 0x000000008ed00000| Untracked 
| 238|0x000000008ee00000, 0x000000008ee00000, 0x000000008ef00000|  0%| F|  |TAMS 0x000000008ee00000, 0x000000008ee00000| Untracked 
| 239|0x000000008ef00000, 0x000000008ef00000, 0x000000008f000000|  0%| F|  |TAMS 0x000000008ef00000, 0x000000008ef00000| Untracked 
| 240|0x000000008f000000, 0x000000008f000000, 0x000000008f100000|  0%| F|  |TAMS 0x000000008f000000, 0x000000008f000000| Untracked 
| 241|0x000000008f100000, 0x000000008f100000, 0x000000008f200000|  0%| F|  |TAMS 0x000000008f100000, 0x000000008f100000| Untracked 
| 242|0x000000008f200000, 0x000000008f200000, 0x000000008f300000|  0%| F|  |TAMS 0x000000008f200000, 0x000000008f200000| Untracked 
| 243|0x000000008f300000, 0x000000008f300000, 0x000000008f400000|  0%| F|  |TAMS 0x000000008f300000, 0x000000008f300000| Untracked 
| 244|0x000000008f400000, 0x000000008f400000, 0x000000008f500000|  0%| F|  |TAMS 0x000000008f400000, 0x000000008f400000| Untracked 
| 245|0x000000008f500000, 0x000000008f500000, 0x000000008f600000|  0%| F|  |TAMS 0x000000008f500000, 0x000000008f500000| Untracked 
| 246|0x000000008f600000, 0x000000008f600000, 0x000000008f700000|  0%| F|  |TAMS 0x000000008f600000, 0x000000008f600000| Untracked 
| 247|0x000000008f700000, 0x000000008f700000, 0x000000008f800000|  0%| F|  |TAMS 0x000000008f700000, 0x000000008f700000| Untracked 
| 248|0x000000008f800000, 0x000000008f800000, 0x000000008f900000|  0%| F|  |TAMS 0x000000008f800000, 0x000000008f800000| Untracked 
| 249|0x000000008f900000, 0x000000008f900000, 0x000000008fa00000|  0%| F|  |TAMS 0x000000008f900000, 0x000000008f900000| Untracked 
| 250|0x000000008fa00000, 0x000000008fa00000, 0x000000008fb00000|  0%| F|  |TAMS 0x000000008fa00000, 0x000000008fa00000| Untracked 
| 251|0x000000008fb00000, 0x000000008fc00000, 0x000000008fc00000|100%| S|CS|TAMS 0x000000008fb00000, 0x000000008fb00000| Complete 
| 252|0x000000008fc00000, 0x000000008fd00000, 0x000000008fd00000|100%| S|CS|TAMS 0x000000008fc00000, 0x000000008fc00000| Complete 
| 253|0x000000008fd00000, 0x000000008fd00000, 0x000000008fe00000|  0%| F|  |TAMS 0x000000008fd00000, 0x000000008fd00000| Untracked 
| 254|0x000000008fe00000, 0x000000008fe00000, 0x000000008ff00000|  0%| F|  |TAMS 0x000000008fe00000, 0x000000008fe00000| Untracked 
| 255|0x000000008ff00000, 0x000000008ff00000, 0x0000000090000000|  0%| F|  |TAMS 0x000000008ff00000, 0x000000008ff00000| Untracked 
| 256|0x0000000090000000, 0x0000000090000000, 0x0000000090100000|  0%| F|  |TAMS 0x0000000090000000, 0x0000000090000000| Untracked 
| 257|0x0000000090100000, 0x0000000090100000, 0x0000000090200000|  0%| F|  |TAMS 0x0000000090100000, 0x0000000090100000| Untracked 
| 258|0x0000000090200000, 0x0000000090200000, 0x0000000090300000|  0%| F|  |TAMS 0x0000000090200000, 0x0000000090200000| Untracked 
| 259|0x0000000090300000, 0x0000000090300000, 0x0000000090400000|  0%| F|  |TAMS 0x0000000090300000, 0x0000000090300000| Untracked 
| 260|0x0000000090400000, 0x0000000090400000, 0x0000000090500000|  0%| F|  |TAMS 0x0000000090400000, 0x0000000090400000| Untracked 
| 261|0x0000000090500000, 0x0000000090500000, 0x0000000090600000|  0%| F|  |TAMS 0x0000000090500000, 0x0000000090500000| Untracked 
| 262|0x0000000090600000, 0x0000000090600000, 0x0000000090700000|  0%| F|  |TAMS 0x0000000090600000, 0x0000000090600000| Untracked 
| 263|0x0000000090700000, 0x0000000090700000, 0x0000000090800000|  0%| F|  |TAMS 0x0000000090700000, 0x0000000090700000| Untracked 
| 264|0x0000000090800000, 0x0000000090800000, 0x0000000090900000|  0%| F|  |TAMS 0x0000000090800000, 0x0000000090800000| Untracked 
| 265|0x0000000090900000, 0x0000000090900000, 0x0000000090a00000|  0%| F|  |TAMS 0x0000000090900000, 0x0000000090900000| Untracked 
| 266|0x0000000090a00000, 0x0000000090a00000, 0x0000000090b00000|  0%| F|  |TAMS 0x0000000090a00000, 0x0000000090a00000| Untracked 
| 267|0x0000000090b00000, 0x0000000090b00000, 0x0000000090c00000|  0%| F|  |TAMS 0x0000000090b00000, 0x0000000090b00000| Untracked 

Card table byte_map: [0x0000026be3150000,0x0000026be3550000] _byte_map_base: 0x0000026be2d50000

Marking Bits (Prev, Next): (CMBitMap*) 0x0000026bcc1e22c0, (CMBitMap*) 0x0000026bcc1e2300
 Prev Bits: [0x0000026be3950000, 0x0000026be5950000)
 Next Bits: [0x0000026be5950000, 0x0000026be7950000)

Polling page: 0x0000026bca0a0000

Metaspace:

Usage:
  Non-class:    140.66 MB used.
      Class:     20.68 MB used.
       Both:    161.34 MB used.

Virtual space:
  Non-class space:      192.00 MB reserved,     141.12 MB ( 74%) committed,  3 nodes.
      Class space:        1.00 GB reserved,      21.19 MB (  2%) committed,  1 nodes.
             Both:        1.19 GB reserved,     162.31 MB ( 13%) committed. 

Chunk freelists:
   Non-Class:  2.38 MB
       Class:  10.67 MB
        Both:  13.05 MB

MaxMetaspaceSize: unlimited
CompressedClassSpaceSize: 1.00 GB
Initial GC threshold: 21.00 MB
Current GC threshold: 175.75 MB
CDS: on
MetaspaceReclaimPolicy: balanced
 - commit_granule_bytes: 65536.
 - commit_granule_words: 8192.
 - virtual_space_node_default_size: 8388608.
 - enlarge_chunks_in_place: 1.
 - new_chunks_are_fully_committed: 0.
 - uncommit_free_chunks: 1.
 - use_allocation_guard: 0.
 - handle_deallocations: 1.


Internal statistics:

num_allocs_failed_limit: 6.
num_arena_births: 1572.
num_arena_deaths: 0.
num_vsnodes_births: 4.
num_vsnodes_deaths: 0.
num_space_committed: 2594.
num_space_uncommitted: 0.
num_chunks_returned_to_freelist: 6.
num_chunks_taken_from_freelist: 8066.
num_chunk_merges: 3.
num_chunk_splits: 5855.
num_chunks_enlarged: 4431.
num_inconsistent_stats: 0.

CodeHeap 'non-profiled nmethods': size=120000Kb used=10026Kb max_used=10026Kb free=109973Kb
 bounds [0x0000026bdb4f0000, 0x0000026bdbec0000, 0x0000026be2a20000]
CodeHeap 'profiled nmethods': size=120000Kb used=37676Kb max_used=37676Kb free=82324Kb
 bounds [0x0000026bd3a20000, 0x0000026bd5ef0000, 0x0000026bdaf50000]
CodeHeap 'non-nmethods': size=5760Kb used=1929Kb max_used=2005Kb free=3831Kb
 bounds [0x0000026bdaf50000, 0x0000026bdb1c0000, 0x0000026bdb4f0000]
 total_blobs=19615 nmethods=18553 adapters=971
 compilation: enabled
              stopped_count=0, restarted_count=0
 full_count=0

Compilation events (20 events):
Event: 122.540 Thread 0x0000026bea26c300 21721       2       java.text.DecimalFormatSymbols::findNonFormatChar (25 bytes)
Event: 122.541 Thread 0x0000026bea26c300 nmethod 21721 0x0000026bd5ee9910 code [0x0000026bd5ee9ae0, 0x0000026bd5ee9d48]
Event: 122.541 Thread 0x0000026bea26c300 21722       2       java.lang.String::chars (43 bytes)
Event: 122.541 Thread 0x0000026bea26c300 nmethod 21722 0x0000026bd5ee9f10 code [0x0000026bd5eea0c0, 0x0000026bd5eea328]
Event: 122.543 Thread 0x0000026bea26c300 21723       1       java.nio.charset.CharsetEncoder::charset (5 bytes)
Event: 122.544 Thread 0x0000026bea26c300 nmethod 21723 0x0000026bdbeba690 code [0x0000026bdbeba820, 0x0000026bdbeba8f8]
Event: 122.549 Thread 0x0000026bea26c300 21724       2       com.sun.org.apache.xerces.internal.util.SymbolTable::<init> (108 bytes)
Event: 122.550 Thread 0x0000026bea26c300 nmethod 21724 0x0000026bd5eea410 code [0x0000026bd5eea620, 0x0000026bd5eeab18]
Event: 122.550 Thread 0x0000026bea26c300 21725       2       com.sun.org.apache.xerces.internal.impl.XMLEntityManager::<init> (179 bytes)
Event: 122.552 Thread 0x0000026bea26c300 nmethod 21725 0x0000026bd5eead10 code [0x0000026bd5eeaf40, 0x0000026bd5eebd58]
Event: 122.552 Thread 0x0000026bea26c300 21726       2       com.sun.xml.internal.stream.XMLEntityStorage::<init> (26 bytes)
Event: 122.553 Thread 0x0000026bea26c300 nmethod 21726 0x0000026bd5eec010 code [0x0000026bd5eec1a0, 0x0000026bd5eec3d8]
Event: 122.553 Thread 0x0000026bea26c300 21727       2       com.sun.org.apache.xerces.internal.impl.XMLEntityManager::getRecognizedFeatures (10 bytes)
Event: 122.553 Thread 0x0000026bea26c300 nmethod 21727 0x0000026bd5eec490 code [0x0000026bd5eec640, 0x0000026bd5eec7a8]
Event: 122.553 Thread 0x0000026bea26c300 21728       2       com.sun.org.apache.xerces.internal.impl.XMLEntityManager::getRecognizedProperties (10 bytes)
Event: 122.553 Thread 0x0000026bea26c300 nmethod 21728 0x0000026bd5eec890 code [0x0000026bd5eeca40, 0x0000026bd5eecba8]
Event: 122.553 Thread 0x0000026bea26c300 21729       2       com.sun.org.apache.xerces.internal.impl.XMLErrorReporter::getRecognizedFeatures (10 bytes)
Event: 122.553 Thread 0x0000026bea26c300 nmethod 21729 0x0000026bd5eecc90 code [0x0000026bd5eece40, 0x0000026bd5eecfa8]
Event: 122.558 Thread 0x0000026bea26c300 21730       2       com.google.common.base.Ticker$1::read (4 bytes)
Event: 122.558 Thread 0x0000026bea26c300 nmethod 21730 0x0000026bd5eed090 code [0x0000026bd5eed220, 0x0000026bd5eed338]

GC Heap History (20 events):
Event: 81.177 GC heap after
{Heap after GC invocations=66 (full 0):
 garbage-first heap   total 274432K, used 172696K [0x0000000080000000, 0x0000000100000000)
  region size 1024K, 3 young (3072K), 3 survivors (3072K)
 Metaspace       used 141667K, committed 142528K, reserved 1179648K
  class space    used 18163K, committed 18560K, reserved 1048576K
}
Event: 83.082 GC heap before
{Heap before GC invocations=66 (full 0):
 garbage-first heap   total 274432K, used 232088K [0x0000000080000000, 0x0000000100000000)
  region size 1024K, 61 young (62464K), 3 survivors (3072K)
 Metaspace       used 145585K, committed 146432K, reserved 1179648K
  class space    used 18725K, committed 19136K, reserved 1048576K
}
Event: 83.101 GC heap after
{Heap after GC invocations=67 (full 0):
 garbage-first heap   total 274432K, used 174484K [0x0000000080000000, 0x0000000100000000)
  region size 1024K, 4 young (4096K), 4 survivors (4096K)
 Metaspace       used 145585K, committed 146432K, reserved 1179648K
  class space    used 18725K, committed 19136K, reserved 1048576K
}
Event: 89.012 GC heap before
{Heap before GC invocations=67 (full 0):
 garbage-first heap   total 274432K, used 233876K [0x0000000080000000, 0x0000000100000000)
  region size 1024K, 62 young (63488K), 4 survivors (4096K)
 Metaspace       used 149889K, committed 150784K, reserved 1245184K
  class space    used 19403K, committed 19840K, reserved 1048576K
}
Event: 89.042 GC heap after
{Heap after GC invocations=68 (full 0):
 garbage-first heap   total 274432K, used 169974K [0x0000000080000000, 0x0000000100000000)
  region size 1024K, 7 young (7168K), 7 survivors (7168K)
 Metaspace       used 149889K, committed 150784K, reserved 1245184K
  class space    used 19403K, committed 19840K, reserved 1048576K
}
Event: 93.410 GC heap before
{Heap before GC invocations=68 (full 0):
 garbage-first heap   total 274432K, used 233462K [0x0000000080000000, 0x0000000100000000)
  region size 1024K, 69 young (70656K), 7 survivors (7168K)
 Metaspace       used 154416K, committed 155328K, reserved 1245184K
  class space    used 19975K, committed 20416K, reserved 1048576K
}
Event: 93.552 GC heap after
{Heap after GC invocations=69 (full 0):
 garbage-first heap   total 274432K, used 174234K [0x0000000080000000, 0x0000000100000000)
  region size 1024K, 7 young (7168K), 7 survivors (7168K)
 Metaspace       used 154416K, committed 155328K, reserved 1245184K
  class space    used 19975K, committed 20416K, reserved 1048576K
}
Event: 99.055 GC heap before
{Heap before GC invocations=69 (full 0):
 garbage-first heap   total 274432K, used 234650K [0x0000000080000000, 0x0000000100000000)
  region size 1024K, 66 young (67584K), 7 survivors (7168K)
 Metaspace       used 158282K, committed 159296K, reserved 1245184K
  class space    used 20456K, committed 20928K, reserved 1048576K
}
Event: 99.093 GC heap after
{Heap after GC invocations=70 (full 0):
 garbage-first heap   total 274432K, used 179034K [0x0000000080000000, 0x0000000100000000)
  region size 1024K, 9 young (9216K), 9 survivors (9216K)
 Metaspace       used 158282K, committed 159296K, reserved 1245184K
  class space    used 20456K, committed 20928K, reserved 1048576K
}
Event: 103.743 GC heap before
{Heap before GC invocations=70 (full 0):
 garbage-first heap   total 274432K, used 239450K [0x0000000080000000, 0x0000000100000000)
  region size 1024K, 64 young (65536K), 9 survivors (9216K)
 Metaspace       used 162224K, committed 163200K, reserved 1245184K
  class space    used 20866K, committed 21312K, reserved 1048576K
}
Event: 103.824 GC heap after
{Heap after GC invocations=71 (full 0):
 garbage-first heap   total 274432K, used 186814K [0x0000000080000000, 0x0000000100000000)
  region size 1024K, 8 young (8192K), 8 survivors (8192K)
 Metaspace       used 162224K, committed 163200K, reserved 1245184K
  class space    used 20866K, committed 21312K, reserved 1048576K
}
Event: 108.721 GC heap before
{Heap before GC invocations=71 (full 0):
 garbage-first heap   total 274432K, used 232894K [0x0000000080000000, 0x0000000100000000)
  region size 1024K, 53 young (54272K), 8 survivors (8192K)
 Metaspace       used 162753K, committed 163776K, reserved 1245184K
  class space    used 20951K, committed 21440K, reserved 1048576K
}
Event: 108.761 GC heap after
{Heap after GC invocations=72 (full 0):
 garbage-first heap   total 274432K, used 190364K [0x0000000080000000, 0x0000000100000000)
  region size 1024K, 5 young (5120K), 5 survivors (5120K)
 Metaspace       used 162753K, committed 163776K, reserved 1245184K
  class space    used 20951K, committed 21440K, reserved 1048576K
}
Event: 118.605 GC heap before
{Heap before GC invocations=72 (full 0):
 garbage-first heap   total 274432K, used 232348K [0x0000000080000000, 0x0000000100000000)
  region size 1024K, 47 young (48128K), 5 survivors (5120K)
 Metaspace       used 164583K, committed 165568K, reserved 1245184K
  class space    used 21129K, committed 21632K, reserved 1048576K
}
Event: 118.863 GC heap after
{Heap after GC invocations=73 (full 0):
 garbage-first heap   total 274432K, used 196425K [0x0000000080000000, 0x0000000100000000)
  region size 1024K, 6 young (6144K), 6 survivors (6144K)
 Metaspace       used 164583K, committed 165568K, reserved 1245184K
  class space    used 21129K, committed 21632K, reserved 1048576K
}
Event: 120.350 GC heap before
{Heap before GC invocations=73 (full 0):
 garbage-first heap   total 274432K, used 240457K [0x0000000080000000, 0x0000000100000000)
  region size 1024K, 41 young (41984K), 6 survivors (6144K)
 Metaspace       used 164700K, committed 165760K, reserved 1245184K
  class space    used 21129K, committed 21632K, reserved 1048576K
}
Event: 120.489 GC heap after
{Heap after GC invocations=74 (full 0):
 garbage-first heap   total 274432K, used 219243K [0x0000000080000000, 0x0000000100000000)
  region size 1024K, 6 young (6144K), 6 survivors (6144K)
 Metaspace       used 164700K, committed 165760K, reserved 1245184K
  class space    used 21129K, committed 21632K, reserved 1048576K
}
Event: 121.137 GC heap before
{Heap before GC invocations=74 (full 0):
 garbage-first heap   total 274432K, used 231531K [0x0000000080000000, 0x0000000100000000)
  region size 1024K, 19 young (19456K), 6 survivors (6144K)
 Metaspace       used 165038K, committed 166080K, reserved 1245184K
  class space    used 21161K, committed 21696K, reserved 1048576K
}
Event: 121.180 GC heap after
{Heap after GC invocations=75 (full 0):
 garbage-first heap   total 274432K, used 221631K [0x0000000080000000, 0x0000000100000000)
  region size 1024K, 2 young (2048K), 2 survivors (2048K)
 Metaspace       used 165038K, committed 166080K, reserved 1245184K
  class space    used 21161K, committed 21696K, reserved 1048576K
}
Event: 122.596 GC heap before
{Heap before GC invocations=75 (full 0):
 garbage-first heap   total 274432K, used 242111K [0x0000000080000000, 0x0000000100000000)
  region size 1024K, 15 young (15360K), 2 survivors (2048K)
 Metaspace       used 165210K, committed 166208K, reserved 1245184K
  class space    used 21174K, committed 21696K, reserved 1048576K
}

Deoptimization events (20 events):
Event: 121.511 Thread 0x0000026bf1f9cb10 Uncommon trap: trap_request=0xffffff45 fr.pc=0x0000026bdb57c920 relative=0x0000000000000400
Event: 121.511 Thread 0x0000026bf1f9cb10 Uncommon trap: reason=unstable_if action=reinterpret pc=0x0000026bdb57c920 method=java.lang.AbstractStringBuilder.isLatin1()Z @ 10 c2
Event: 121.511 Thread 0x0000026bf1f9cb10 DEOPT PACKING pc=0x0000026bdb57c920 sp=0x000000fe363fa280
Event: 121.511 Thread 0x0000026bf1f9cb10 DEOPT UNPACKING pc=0x0000026bdafa23a3 sp=0x000000fe363fa200 mode 2
Event: 121.589 Thread 0x0000026bf1f9cb10 Uncommon trap: trap_request=0xffffff45 fr.pc=0x0000026bdb5ea590 relative=0x0000000000000390
Event: 121.589 Thread 0x0000026bf1f9cb10 Uncommon trap: reason=unstable_if action=reinterpret pc=0x0000026bdb5ea590 method=java.lang.StringCoding.implEncodeAsciiArray([CI[BII)I @ 23 c2
Event: 121.589 Thread 0x0000026bf1f9cb10 DEOPT PACKING pc=0x0000026bdb5ea590 sp=0x000000fe363f9de0
Event: 121.589 Thread 0x0000026bf1f9cb10 DEOPT UNPACKING pc=0x0000026bdafa23a3 sp=0x000000fe363f9d60 mode 2
Event: 121.591 Thread 0x0000026bf1f9cb10 DEOPT PACKING pc=0x0000026bd5ed404c sp=0x000000fe363f9df0
Event: 121.591 Thread 0x0000026bf1f9cb10 DEOPT UNPACKING pc=0x0000026bdafa2b43 sp=0x000000fe363f9260 mode 0
Event: 121.592 Thread 0x0000026bf1f9cb10 DEOPT PACKING pc=0x0000026bd5ed404c sp=0x000000fe363f9df0
Event: 121.592 Thread 0x0000026bf1f9cb10 DEOPT UNPACKING pc=0x0000026bdafa2b43 sp=0x000000fe363f9260 mode 0
Event: 121.709 Thread 0x0000026bf1f9cb10 DEOPT PACKING pc=0x0000026bd5ed5a9f sp=0x000000fe363f9d80
Event: 121.709 Thread 0x0000026bf1f9cb10 DEOPT UNPACKING pc=0x0000026bdafa2b43 sp=0x000000fe363f9290 mode 0
Event: 121.969 Thread 0x0000026bf1f9cb10 DEOPT PACKING pc=0x0000026bd5ed4c03 sp=0x000000fe363f9df0
Event: 121.969 Thread 0x0000026bf1f9cb10 DEOPT UNPACKING pc=0x0000026bdafa2b43 sp=0x000000fe363f9260 mode 0
Event: 121.993 Thread 0x0000026bf1f9cb10 DEOPT PACKING pc=0x0000026bd5ed4c03 sp=0x000000fe363f9df0
Event: 121.993 Thread 0x0000026bf1f9cb10 DEOPT UNPACKING pc=0x0000026bdafa2b43 sp=0x000000fe363f9260 mode 0
Event: 122.071 Thread 0x0000026bf1f9cb10 DEOPT PACKING pc=0x0000026bd3b3b89a sp=0x000000fe363f9b90
Event: 122.071 Thread 0x0000026bf1f9cb10 DEOPT UNPACKING pc=0x0000026bdafa2b43 sp=0x000000fe363f9068 mode 0

Classes unloaded (0 events):
No events

Classes redefined (0 events):
No events

Internal exceptions (20 events):
Event: 108.086 Thread 0x0000026bfb649ec0 Exception <a 'java/lang/NoSuchMethodError'{0x000000008eae4e58}: static Lcom/android/build/gradle/internal/tasks/AarMetadataArtifact;.<clinit>()V> (0x000000008eae4e58) 
thrown [s\open\src\hotspot\share\prims\jni.cpp, line 1107]
Event: 108.122 Thread 0x0000026bf1f9b6d0 Exception <a 'sun/nio/fs/WindowsException'{0x000000009071ba80}> (0x000000009071ba80) 
thrown [s\open\src\hotspot\share\prims\jni.cpp, line 516]
Event: 109.102 Thread 0x0000026bf1f9b6d0 Exception <a 'sun/nio/fs/WindowsException'{0x0000000090708ab8}> (0x0000000090708ab8) 
thrown [s\open\src\hotspot\share\prims\jni.cpp, line 516]
Event: 109.294 Thread 0x0000026bf1f9cb10 Exception <a 'sun/nio/fs/WindowsException'{0x000000009099e8a0}> (0x000000009099e8a0) 
thrown [s\open\src\hotspot\share\prims\jni.cpp, line 516]
Event: 109.333 Thread 0x0000026bf1f9cb10 Exception <a 'sun/nio/fs/WindowsException'{0x00000000905857d8}> (0x00000000905857d8) 
thrown [s\open\src\hotspot\share\prims\jni.cpp, line 516]
Event: 115.045 Thread 0x0000026bf1f9cb10 Exception <a 'sun/nio/fs/WindowsException'{0x000000008fa801b8}> (0x000000008fa801b8) 
thrown [s\open\src\hotspot\share\prims\jni.cpp, line 516]
Event: 115.047 Thread 0x0000026bf1f9cb10 Exception <a 'sun/nio/fs/WindowsException'{0x000000008fa81070}> (0x000000008fa81070) 
thrown [s\open\src\hotspot\share\prims\jni.cpp, line 516]
Event: 115.048 Thread 0x0000026bf1f9cb10 Exception <a 'sun/nio/fs/WindowsException'{0x000000008fa81100}> (0x000000008fa81100) 
thrown [s\open\src\hotspot\share\prims\jni.cpp, line 516]
Event: 115.049 Thread 0x0000026bf1f9cb10 Exception <a 'sun/nio/fs/WindowsException'{0x000000008fa81538}> (0x000000008fa81538) 
thrown [s\open\src\hotspot\share\prims\jni.cpp, line 516]
Event: 115.303 Thread 0x0000026bf1f9cb10 Exception <a 'sun/nio/fs/WindowsException'{0x000000008f9390f8}> (0x000000008f9390f8) 
thrown [s\open\src\hotspot\share\prims\jni.cpp, line 516]
Event: 115.454 Thread 0x0000026bf1f9cb10 Exception <a 'sun/nio/fs/WindowsException'{0x000000008f9ebdb0}> (0x000000008f9ebdb0) 
thrown [s\open\src\hotspot\share\prims\jni.cpp, line 516]
Event: 115.462 Thread 0x0000026bf1f9cb10 Exception <a 'sun/nio/fs/WindowsException'{0x000000008f9eccb8}> (0x000000008f9eccb8) 
thrown [s\open\src\hotspot\share\prims\jni.cpp, line 516]
Event: 115.463 Thread 0x0000026bf1f9cb10 Exception <a 'sun/nio/fs/WindowsException'{0x000000008f9ecd48}> (0x000000008f9ecd48) 
thrown [s\open\src\hotspot\share\prims\jni.cpp, line 516]
Event: 115.463 Thread 0x0000026bf1f9cb10 Exception <a 'sun/nio/fs/WindowsException'{0x000000008f9ed258}> (0x000000008f9ed258) 
thrown [s\open\src\hotspot\share\prims\jni.cpp, line 516]
Event: 115.565 Thread 0x0000026bf1f9cb10 Exception <a 'sun/nio/fs/WindowsException'{0x000000008f9f76e0}> (0x000000008f9f76e0) 
thrown [s\open\src\hotspot\share\prims\jni.cpp, line 516]
Event: 115.646 Thread 0x0000026bf1f9cb10 Exception <a 'sun/nio/fs/WindowsException'{0x000000008f818170}> (0x000000008f818170) 
thrown [s\open\src\hotspot\share\prims\jni.cpp, line 516]
Event: 115.647 Thread 0x0000026bf1f9cb10 Exception <a 'sun/nio/fs/WindowsException'{0x000000008f81a508}> (0x000000008f81a508) 
thrown [s\open\src\hotspot\share\prims\jni.cpp, line 516]
Event: 115.648 Thread 0x0000026bf1f9cb10 Exception <a 'sun/nio/fs/WindowsException'{0x000000008f81c1a0}> (0x000000008f81c1a0) 
thrown [s\open\src\hotspot\share\prims\jni.cpp, line 516]
Event: 115.649 Thread 0x0000026bf1f9cb10 Exception <a 'sun/nio/fs/WindowsException'{0x000000008f81e120}> (0x000000008f81e120) 
thrown [s\open\src\hotspot\share\prims\jni.cpp, line 516]
Event: 115.650 Thread 0x0000026bf1f9cb10 Exception <a 'sun/nio/fs/WindowsException'{0x000000008f81ffa0}> (0x000000008f81ffa0) 
thrown [s\open\src\hotspot\share\prims\jni.cpp, line 516]

VM Operations (20 events):
Event: 117.845 Executing VM operation: Cleanup done
Event: 118.262 Executing VM operation: HandshakeAllThreads
Event: 118.263 Executing VM operation: HandshakeAllThreads done
Event: 118.602 Executing VM operation: G1CollectForAllocation
Event: 118.865 Executing VM operation: G1CollectForAllocation done
Event: 119.664 Executing VM operation: HandshakeAllThreads
Event: 119.665 Executing VM operation: HandshakeAllThreads done
Event: 120.349 Executing VM operation: G1CollectForAllocation
Event: 120.489 Executing VM operation: G1CollectForAllocation done
Event: 120.655 Executing VM operation: HandshakeAllThreads
Event: 120.657 Executing VM operation: HandshakeAllThreads done
Event: 120.944 Executing VM operation: HandshakeAllThreads
Event: 120.944 Executing VM operation: HandshakeAllThreads done
Event: 121.076 Executing VM operation: HandshakeAllThreads
Event: 121.076 Executing VM operation: HandshakeAllThreads done
Event: 121.137 Executing VM operation: G1CollectForAllocation
Event: 121.181 Executing VM operation: G1CollectForAllocation done
Event: 122.237 Executing VM operation: Cleanup
Event: 122.240 Executing VM operation: Cleanup done
Event: 122.590 Executing VM operation: G1CollectForAllocation

Events (20 events):
Event: 120.563 loading class java/util/stream/Node$Builder$OfInt done
Event: 120.563 loading class java/util/stream/Nodes$IntArrayNode
Event: 120.568 loading class java/util/stream/Nodes$IntArrayNode done
Event: 120.568 loading class java/util/stream/Nodes$IntFixedNodeBuilder done
Event: 120.645 loading class java/io/FileReader
Event: 120.646 loading class java/io/FileReader done
Event: 120.682 loading class java/util/concurrent/ConcurrentLinkedDeque
Event: 120.690 loading class java/util/concurrent/ConcurrentLinkedDeque done
Event: 120.690 loading class java/util/concurrent/ConcurrentLinkedDeque$Node
Event: 120.692 loading class java/util/concurrent/ConcurrentLinkedDeque$Node done
Event: 121.081 loading class com/sun/org/apache/xerces/internal/dom/DOMImplementationImpl
Event: 121.083 loading class org/w3c/dom/DOMImplementation
Event: 121.085 loading class org/w3c/dom/DOMImplementation done
Event: 121.085 loading class com/sun/org/apache/xerces/internal/dom/CoreDOMImplementationImpl
Event: 121.090 loading class org/w3c/dom/ls/DOMImplementationLS
Event: 121.091 loading class org/w3c/dom/ls/DOMImplementationLS done
Event: 121.091 loading class com/sun/org/apache/xerces/internal/dom/CoreDOMImplementationImpl done
Event: 121.092 loading class com/sun/org/apache/xerces/internal/dom/DOMImplementationImpl done
Event: 121.092 loading class com/sun/org/apache/xerces/internal/dom/DeferredDOMImplementationImpl
Event: 121.093 loading class com/sun/org/apache/xerces/internal/dom/DeferredDOMImplementationImpl done


Dynamic libraries:
0x00007ff70a4f0000 - 0x00007ff70a500000 	C:\Program Files\Java\jdk-17\bin\java.exe
0x00007ffa299e0000 - 0x00007ffa29c48000 	C:\WINDOWS\SYSTEM32\ntdll.dll
0x00007ffa288f0000 - 0x00007ffa289b9000 	C:\WINDOWS\System32\KERNEL32.DLL
0x00007ffa27100000 - 0x00007ffa274f2000 	C:\WINDOWS\System32\KERNELBASE.dll
0x00007ffa26c30000 - 0x00007ffa26d7b000 	C:\WINDOWS\System32\ucrtbase.dll
0x00007ffa016f0000 - 0x00007ffa0170b000 	C:\Program Files\Java\jdk-17\bin\VCRUNTIME140.dll
0x00007ffa02a50000 - 0x00007ffa02a69000 	C:\Program Files\Java\jdk-17\bin\jli.dll
0x00007ffa293e0000 - 0x00007ffa29494000 	C:\WINDOWS\System32\ADVAPI32.dll
0x00007ffa29530000 - 0x00007ffa295d9000 	C:\WINDOWS\System32\msvcrt.dll
0x00007ffa295e0000 - 0x00007ffa29686000 	C:\WINDOWS\System32\sechost.dll
0x00007ffa29690000 - 0x00007ffa297a8000 	C:\WINDOWS\System32\RPCRT4.dll
0x00007ffa28720000 - 0x00007ffa288e5000 	C:\WINDOWS\System32\USER32.dll
0x00007ffa10350000 - 0x00007ffa105e3000 	C:\WINDOWS\WinSxS\amd64_microsoft.windows.common-controls_6595b64144ccf1df_6.0.26100.6725_none_3e085828e334708b\COMCTL32.dll
0x00007ffa270d0000 - 0x00007ffa270f7000 	C:\WINDOWS\System32\win32u.dll
0x00007ffa28100000 - 0x00007ffa2812b000 	C:\WINDOWS\System32\GDI32.dll
0x00007ffa26d80000 - 0x00007ffa26ead000 	C:\WINDOWS\System32\gdi32full.dll
0x00007ffa27700000 - 0x00007ffa277a3000 	C:\WINDOWS\System32\msvcp_win.dll
0x00007ffa16630000 - 0x00007ffa1663b000 	C:\WINDOWS\SYSTEM32\VERSION.dll
0x00007ffa289c0000 - 0x00007ffa289ef000 	C:\WINDOWS\System32\IMM32.DLL
0x00007ffa18170000 - 0x00007ffa1817c000 	C:\Program Files\Java\jdk-17\bin\vcruntime140_1.dll
0x00007ff9f3760000 - 0x00007ff9f37ee000 	C:\Program Files\Java\jdk-17\bin\msvcp140.dll
0x00007ff9accb0000 - 0x00007ff9ad891000 	C:\Program Files\Java\jdk-17\bin\server\jvm.dll
0x00007ffa293d0000 - 0x00007ffa293d8000 	C:\WINDOWS\System32\PSAPI.DLL
0x00007ffa19f30000 - 0x00007ffa19f65000 	C:\WINDOWS\SYSTEM32\WINMM.dll
0x00007ffa12400000 - 0x00007ffa1240a000 	C:\WINDOWS\SYSTEM32\WSOCK32.dll
0x00007ffa28eb0000 - 0x00007ffa28f24000 	C:\WINDOWS\System32\WS2_32.dll
0x00007ffa25940000 - 0x00007ffa2595b000 	C:\WINDOWS\SYSTEM32\kernel.appcore.dll
0x00007ffa12120000 - 0x00007ffa1212a000 	C:\Program Files\Java\jdk-17\bin\jimage.dll
0x00007ffa24130000 - 0x00007ffa24372000 	C:\WINDOWS\SYSTEM32\DBGHELP.DLL
0x00007ffa282f0000 - 0x00007ffa2866b000 	C:\WINDOWS\System32\combase.dll
0x00007ffa28a00000 - 0x00007ffa28ad7000 	C:\WINDOWS\System32\OLEAUT32.dll
0x00007ffa12670000 - 0x00007ffa126ac000 	C:\WINDOWS\SYSTEM32\dbgcore.DLL
0x00007ffa26eb0000 - 0x00007ffa26f48000 	C:\WINDOWS\System32\bcryptPrimitives.dll
0x00007ffa00c10000 - 0x00007ffa00c1e000 	C:\Program Files\Java\jdk-17\bin\instrument.dll
0x00007ff9ffca0000 - 0x00007ff9ffcc5000 	C:\Program Files\Java\jdk-17\bin\java.dll
0x00007ff9d7510000 - 0x00007ff9d75e7000 	C:\Program Files\Java\jdk-17\bin\jsvml.dll
0x00007ffa279b0000 - 0x00007ffa280fc000 	C:\WINDOWS\System32\SHELL32.dll
0x00007ffa27500000 - 0x00007ffa2766b000 	C:\WINDOWS\System32\wintypes.dll
0x00007ffa24790000 - 0x00007ffa24fed000 	C:\WINDOWS\SYSTEM32\windows.storage.dll
0x00007ffa28ae0000 - 0x00007ffa28bd2000 	C:\WINDOWS\System32\SHCORE.dll
0x00007ffa28d40000 - 0x00007ffa28da2000 	C:\WINDOWS\System32\shlwapi.dll
0x00007ffa26a90000 - 0x00007ffa26ab9000 	C:\WINDOWS\SYSTEM32\profapi.dll
0x00007ff9ffc60000 - 0x00007ff9ffc78000 	C:\Program Files\Java\jdk-17\bin\zip.dll
0x00007ffa00180000 - 0x00007ffa00199000 	C:\Program Files\Java\jdk-17\bin\net.dll
0x00007ffa1a2c0000 - 0x00007ffa1a3df000 	C:\WINDOWS\SYSTEM32\WINHTTP.dll
0x00007ffa25eb0000 - 0x00007ffa25f1b000 	C:\WINDOWS\system32\mswsock.dll
0x00007ff9ffc80000 - 0x00007ff9ffc96000 	C:\Program Files\Java\jdk-17\bin\nio.dll
0x00007ffa07bf0000 - 0x00007ffa07c00000 	C:\Program Files\Java\jdk-17\bin\verify.dll
0x00007ff9f19e0000 - 0x00007ff9f1a07000 	C:\Users\migue\.gradle\native\1def1411415f61bf3af743bc5b6707747c0891f09f0c88961ee8f79bc544acac\windows-amd64\native-platform.dll
0x00007ff9ee480000 - 0x00007ff9ee4f8000 	C:\Users\migue\.gradle\native\0.2.7\x86_64-windows-gnu\gradle-fileevents.dll
0x00007ffa05fb0000 - 0x00007ffa05fba000 	C:\Program Files\Java\jdk-17\bin\management.dll
0x00007ffa02ca0000 - 0x00007ffa02cab000 	C:\Program Files\Java\jdk-17\bin\management_ext.dll
0x00007ffa25360000 - 0x00007ffa25394000 	C:\WINDOWS\SYSTEM32\IPHLPAPI.DLL
0x00007ffa297b0000 - 0x00007ffa297ba000 	C:\WINDOWS\System32\NSI.dll
0x00007ffa1fa20000 - 0x00007ffa1fa3e000 	C:\WINDOWS\SYSTEM32\dhcpcsvc6.DLL
0x00007ffa1f9f0000 - 0x00007ffa1fa13000 	C:\WINDOWS\SYSTEM32\dhcpcsvc.DLL
0x00007ffa25400000 - 0x00007ffa25526000 	C:\WINDOWS\SYSTEM32\DNSAPI.dll
0x00007ffa26170000 - 0x00007ffa2618b000 	C:\WINDOWS\SYSTEM32\CRYPTSP.dll
0x00007ffa258a0000 - 0x00007ffa258db000 	C:\WINDOWS\system32\rsaenh.dll
0x00007ffa25f50000 - 0x00007ffa25f7b000 	C:\WINDOWS\SYSTEM32\USERENV.dll
0x00007ffa26a60000 - 0x00007ffa26a86000 	C:\WINDOWS\SYSTEM32\bcrypt.dll
0x00007ffa26160000 - 0x00007ffa2616c000 	C:\WINDOWS\SYSTEM32\CRYPTBASE.dll
0x00007ff9fda20000 - 0x00007ff9fda2e000 	C:\Program Files\Java\jdk-17\bin\sunmscapi.dll
0x00007ffa26f50000 - 0x00007ffa270c7000 	C:\WINDOWS\System32\CRYPT32.dll
0x00007ffa26380000 - 0x00007ffa263b0000 	C:\WINDOWS\SYSTEM32\ncrypt.dll
0x00007ffa26330000 - 0x00007ffa2636f000 	C:\WINDOWS\SYSTEM32\NTASN1.dll
0x00007ffa12110000 - 0x00007ffa12118000 	C:\WINDOWS\system32\wshunix.dll
0x00007ff9c3980000 - 0x00007ff9c3998000 	C:\WINDOWS\system32\napinsp.dll
0x00007ff9c39a0000 - 0x00007ff9c39b2000 	C:\WINDOWS\System32\winrnr.dll
0x00007ffa182a0000 - 0x00007ffa182c8000 	C:\WINDOWS\system32\nlansp_c.dll
0x00007ffa19080000 - 0x00007ffa19096000 	C:\WINDOWS\system32\wshbth.dll
0x00007ffa190a0000 - 0x00007ffa190ab000 	C:\Windows\System32\rasadhlp.dll
0x00007ffa202c0000 - 0x00007ffa20346000 	C:\WINDOWS\System32\fwpuclnt.dll

dbghelp: loaded successfully - version: 4.0.5 - missing functions: none
symbol engine: initialized successfully - sym options: 0x614 - pdb path: .;C:\Program Files\Java\jdk-17\bin;C:\WINDOWS\SYSTEM32;C:\WINDOWS\WinSxS\amd64_microsoft.windows.common-controls_6595b64144ccf1df_6.0.26100.6725_none_3e085828e334708b;C:\Program Files\Java\jdk-17\bin\server;C:\Users\migue\.gradle\native\1def1411415f61bf3af743bc5b6707747c0891f09f0c88961ee8f79bc544acac\windows-amd64;C:\Users\migue\.gradle\native\0.2.7\x86_64-windows-gnu

VM Arguments:
jvm_args: --add-opens=java.base/java.lang=ALL-UNNAMED --add-opens=java.base/java.lang.invoke=ALL-UNNAMED --add-opens=java.base/java.util=ALL-UNNAMED --add-opens=java.prefs/java.util.prefs=ALL-UNNAMED --add-exports=jdk.compiler/com.sun.tools.javac.api=ALL-UNNAMED --add-exports=jdk.compiler/com.sun.tools.javac.util=ALL-UNNAMED --add-opens=java.base/java.util=ALL-UNNAMED --add-opens=java.prefs/java.util.prefs=ALL-UNNAMED --add-opens=java.base/java.nio.charset=ALL-UNNAMED --add-opens=java.base/java.net=ALL-UNNAMED --add-opens=java.base/java.util.concurrent.atomic=ALL-UNNAMED --add-opens=java.xml/javax.xml.namespace=ALL-UNNAMED -Xmx2048m -Dfile.encoding=UTF-8 -Duser.country=CO -Duser.language=es -Duser.variant -javaagent:C:\Users\migue\.gradle\wrapper\dists\gradle-8.13-bin\5xuhj0ry160q40clulazy9h7d\gradle-8.13\lib\agents\gradle-instrumentation-agent-8.13.jar 
java_command: org.gradle.launcher.daemon.bootstrap.GradleDaemon 8.13
java_class_path (initial): C:\Users\migue\.gradle\wrapper\dists\gradle-8.13-bin\5xuhj0ry160q40clulazy9h7d\gradle-8.13\lib\gradle-daemon-main-8.13.jar
Launcher Type: SUN_STANDARD

[Global flags]
     intx CICompilerCount                          = 4                                         {product} {ergonomic}
     uint ConcGCThreads                            = 2                                         {product} {ergonomic}
     uint G1ConcRefinementThreads                  = 8                                         {product} {ergonomic}
   size_t G1HeapRegionSize                         = 1048576                                   {product} {ergonomic}
    uintx GCDrainStackTargetSize                   = 64                                        {product} {ergonomic}
   size_t InitialHeapSize                          = 65011712                                  {product} {ergonomic}
   size_t MarkStackSize                            = 4194304                                   {product} {ergonomic}
   size_t MaxHeapSize                              = 2147483648                                {product} {command line}
   size_t MaxNewSize                               = 1287651328                                {product} {ergonomic}
   size_t MinHeapDeltaBytes                        = 1048576                                   {product} {ergonomic}
   size_t MinHeapSize                              = 8388608                                   {product} {ergonomic}
    uintx NonNMethodCodeHeapSize                   = 5839372                                {pd product} {ergonomic}
    uintx NonProfiledCodeHeapSize                  = 122909434                              {pd product} {ergonomic}
    uintx ProfiledCodeHeapSize                     = 122909434                              {pd product} {ergonomic}
    uintx ReservedCodeCacheSize                    = 251658240                              {pd product} {ergonomic}
     bool SegmentedCodeCache                       = true                                      {product} {ergonomic}
   size_t SoftMaxHeapSize                          = 2147483648                             {manageable} {ergonomic}
     bool UseCompressedClassPointers               = true                           {product lp64_product} {ergonomic}
     bool UseCompressedOops                        = true                           {product lp64_product} {ergonomic}
     bool UseG1GC                                  = true                                      {product} {ergonomic}
     bool UseLargePagesIndividualAllocation        = false                                  {pd product} {ergonomic}

Logging:
Log output configuration:
 #0: stdout all=warning uptime,level,tags
 #1: stderr all=off uptime,level,tags

Environment Variables:
CLASSPATH=C:\Users\migue\AndroidStudioProjects\hooks\\gradle\wrapper\gradle-wrapper.jar
PATH=C:\Program Files\Common Files\Oracle\Java\javapath;C:\Program Files\Python312\Scripts\;C:\Program Files\Python312\;C:\ProgramData\Oracle\Java\javapath;C:\WINDOWS\system32;C:\WINDOWS;C:\WINDOWS\System32\Wbem;C:\WINDOWS\System32\WindowsPowerShell\v1.0\;C:\WINDOWS\System32\OpenSSH\;C:\Program Files\Intel\WiFi\bin\;C:\Program Files\Common Files\Intel\WirelessCommon\;C:\Program Files\Microsoft SQL Server\130\Tools\Binn\;C:\Program Files\Git\cmd;C:\Program Files\nodejs\;C:\Program Files\Microsoft SQL Server\150\Tools\Binn\;C:\Program Files\dotnet\;C:\Users\migue\AppData\Local\Programs\Python\Python310\Scripts\;C:\Users\migue\AppData\Local\Programs\Python\Python310\;C:\Program Files (x86)\Microsoft Visual Studio\Common\Tools\WinNT;C:\Program Files (x86)\Microsoft Visual Studio\Common\MSDev98\Bin;C:\Program Files (x86)\Microsoft Visual Studio\Common\Tools;C:\Program Files (x86)\Microsoft Visual Studio\VC98\bin;C:\Users\migue\AppData\Local\Microsoft\WindowsApps;C:\Users\migue\AppData\Local\Programs\Microsoft VS Code\bin;C:\Users\migue\AppData\Local\Programs\Microsoft VS Code Insiders\bin;C:\Users\migue\AppData\Roaming\npm;C:\Users\migue\.dotnet\tools
USERNAME=migue
OS=Windows_NT
PROCESSOR_IDENTIFIER=Intel64 Family 6 Model 142 Stepping 12, GenuineIntel



---------------  S Y S T E M  ---------------

OS:
 Windows 11 , 64 bit Build 26100 (10.0.26100.6725)
OS uptime: 1 days 7:58 hours
Hyper-V role detected

CPU: total 8 (initial active 8) (4 cores per cpu, 2 threads per core) family 6 model 142 stepping 12 microcode 0xde, cx8, cmov, fxsr, ht, mmx, 3dnowpref, sse, sse2, sse3, ssse3, sse4.1, sse4.2, popcnt, lzcnt, tsc, tscinvbit, avx, avx2, aes, erms, clmul, bmi1, bmi2, adx, fma, vzeroupper, clflush, clflushopt, hv

Memory: 4k page, system-wide physical 3910M (96M free)
TotalPageFile size 11910M (AvailPageFile size 36M)
current process WorkingSet (physical memory assigned to process): 5M, peak: 447M
current process commit charge ("private bytes"): 692M, peak: 802M

vm_info: Java HotSpot(TM) 64-Bit Server VM (17.0.9+11-LTS-201) for windows-amd64 JRE (17.0.9+11-LTS-201), built on Oct 10 2023 23:16:06 by "mach5one" with MS VC++ 17.1 (VS2022)

END.
